<html>
<body>
<pre>
<h1>礦ision Build Log</h1>
<h2>Tool Versions:</h2>
IDE-Version: μVision V5.41.0.0
Copyright (C) 2024 ARM Ltd and ARM Germany GmbH. All rights reserved.
License Information: 11 459524076@QQ.COM, 459524076@QQ.COM, LIC=QF82M-XC4TN-QDAKD-86AGA-GR970-WVXNJ
 
Tool Versions:
Toolchain:       MDK-ARM Plus  Version: 5.41.0.0
Toolchain Path:  E:\Keil_v5\ARM\ARMCC\Bin
C Compiler:      Armcc.exe V5.06 update 7 (build 960)
Assembler:       Armasm.exe V5.06 update 7 (build 960)
Linker/Locator:  ArmLink.exe V5.06 update 7 (build 960)
Library Manager: ArmAr.exe V5.06 update 7 (build 960)
Hex Converter:   FromElf.exe V5.06 update 7 (build 960)
CPU DLL:         SARMCM3.DLL V5.41.0.0
Dialog DLL:      DCM.DLL V1.17.5.0
Target DLL:      CMSIS_AGDI.dll V1.33.21.0
Dialog DLL:      TCM.DLL V1.56.4.0
 
<h2>Project:</h2>
F:\STM32\MICU_Balance_Car\MDK-ARM\Template.uvprojx
Project File Date:  08/27/2025

<h2>Output:</h2>
*** Using Compiler 'V5.06 update 7 (build 960)', folder: 'E:\Keil_v5\ARM\ARMCC\Bin'
Build target 'Template'
compiling main.c...
compiling oled_app.c...
compiling gyroscope_app.c...
compiling motor_app.c...
compiling gray_app.c...
compiling key_app.c...
..\User\App\key_app.c(17): warning:  #177-D: variable "click_cnt"  was declared but never referenced
      uint16_t click_cnt = ebtn_click_get_count(btn); // 获取连击次数 (仅在 ONCLICK 事件时有意义)
..\User\App\key_app.c: 1 warning, 0 errors
compiling led_app.c...
compiling encoder_app.c...
compiling uart_app.c...
compiling gyroscope_driver.c...
compiling bno08x_hal.c...
..\User\Module\BNO08x\bno08x_hal.c(826): warning:  #177-D: variable "dataOffset"  was declared but never referenced
                  uint8_t dataOffset = shtpData[5] & 0x0F; // 数据偏移量
..\User\Module\BNO08x\bno08x_hal.c(944): warning:  #1035-D: single-precision operand implicitly converted to double-precision
          *pitch = asinf(sinp) * 180.0f / M_PI;
..\User\Module\BNO08x\bno08x_hal.c(949): warning:  #1035-D: single-precision operand implicitly converted to double-precision
      *roll = atan2f(sinr_cosp, cosr_cosp) * 180.0f / M_PI;
..\User\Module\BNO08x\bno08x_hal.c(954): warning:  #1035-D: single-precision operand implicitly converted to double-precision
      *yaw = atan2f(siny_cosp, cosy_cosp) * 180.0f / M_PI;
..\User\Module\BNO08x\bno08x_hal.c: 4 warnings, 0 errors
compiling aht20_app.c...
compiling Scheduler.c...
compiling Scheduler_Task.c...
compiling pid_app.c...
compiling zdt_motor_app.c...
compiling flash_app.c...
linking...
Program Size: Code=37090 RO-data=1022 RW-data=420 ZI-data=12484  
FromELF: creating hex file...
"Template\Template.axf" - 0 Error(s), 5 Warning(s).

<h2>Software Packages used:</h2>

Package Vendor: ARM
                http://www.keil.com/pack/ARM.CMSIS.5.4.0.pack
                ARM::CMSIS@5.4.0
                CMSIS (Cortex Microcontroller Software Interface Standard)
   * Component: CORE Version: 5.1.2

Package Vendor: Keil
                https://www.keil.com/pack/Keil.STM32F4xx_DFP.3.0.0.pack
                Keil::STM32F4xx_DFP@3.0.0
                STMicroelectronics STM32F4 Series Device Support

<h2>Collection of Component include folders:</h2>
  ./RTE/_Template
  E:/Keil_v5/ARM/CMSIS/5.4.0/CMSIS/Core/Include

<h2>Collection of Component Files used:</h2>

   * Component: ARM::CMSIS:CORE@5.1.2
Build Time Elapsed:  00:00:09
</pre>
</body>
</html>
