Component: ARM Compiler 5.06 update 7 (build 960) Tool: armlink [4d3601]

==============================================================================

Section Cross References

    startup_stm32f407xx.o(STACK) refers (Special) to heapauxi.o(.text) for __use_two_region_memory
    startup_stm32f407xx.o(HEAP) refers (Special) to heapauxi.o(.text) for __use_two_region_memory
    startup_stm32f407xx.o(RESET) refers (Special) to heapauxi.o(.text) for __use_two_region_memory
    startup_stm32f407xx.o(RESET) refers to startup_stm32f407xx.o(STACK) for __initial_sp
    startup_stm32f407xx.o(RESET) refers to startup_stm32f407xx.o(.text) for Reset_Handler
    startup_stm32f407xx.o(RESET) refers to stm32f4xx_it.o(i.NMI_Handler) for NMI_Handler
    startup_stm32f407xx.o(RESET) refers to stm32f4xx_it.o(i.HardFault_Handler) for HardFault_Handler
    startup_stm32f407xx.o(RESET) refers to stm32f4xx_it.o(i.MemManage_Handler) for MemManage_Handler
    startup_stm32f407xx.o(RESET) refers to stm32f4xx_it.o(i.BusFault_Handler) for BusFault_Handler
    startup_stm32f407xx.o(RESET) refers to stm32f4xx_it.o(i.UsageFault_Handler) for UsageFault_Handler
    startup_stm32f407xx.o(RESET) refers to stm32f4xx_it.o(i.SVC_Handler) for SVC_Handler
    startup_stm32f407xx.o(RESET) refers to stm32f4xx_it.o(i.DebugMon_Handler) for DebugMon_Handler
    startup_stm32f407xx.o(RESET) refers to stm32f4xx_it.o(i.PendSV_Handler) for PendSV_Handler
    startup_stm32f407xx.o(RESET) refers to stm32f4xx_it.o(i.SysTick_Handler) for SysTick_Handler
    startup_stm32f407xx.o(RESET) refers to stm32f4xx_it.o(i.DMA1_Stream0_IRQHandler) for DMA1_Stream0_IRQHandler
    startup_stm32f407xx.o(RESET) refers to stm32f4xx_it.o(i.DMA1_Stream2_IRQHandler) for DMA1_Stream2_IRQHandler
    startup_stm32f407xx.o(RESET) refers to stm32f4xx_it.o(i.DMA1_Stream5_IRQHandler) for DMA1_Stream5_IRQHandler
    startup_stm32f407xx.o(RESET) refers to stm32f4xx_it.o(i.TIM2_IRQHandler) for TIM2_IRQHandler
    startup_stm32f407xx.o(RESET) refers to stm32f4xx_it.o(i.USART1_IRQHandler) for USART1_IRQHandler
    startup_stm32f407xx.o(RESET) refers to stm32f4xx_it.o(i.USART2_IRQHandler) for USART2_IRQHandler
    startup_stm32f407xx.o(RESET) refers to stm32f4xx_it.o(i.UART4_IRQHandler) for UART4_IRQHandler
    startup_stm32f407xx.o(RESET) refers to stm32f4xx_it.o(i.UART5_IRQHandler) for UART5_IRQHandler
    startup_stm32f407xx.o(RESET) refers to stm32f4xx_it.o(i.DMA2_Stream1_IRQHandler) for DMA2_Stream1_IRQHandler
    startup_stm32f407xx.o(RESET) refers to stm32f4xx_it.o(i.DMA2_Stream2_IRQHandler) for DMA2_Stream2_IRQHandler
    startup_stm32f407xx.o(RESET) refers to stm32f4xx_it.o(i.USART6_IRQHandler) for USART6_IRQHandler
    startup_stm32f407xx.o(.text) refers (Special) to heapauxi.o(.text) for __use_two_region_memory
    startup_stm32f407xx.o(.text) refers to system_stm32f4xx.o(i.SystemInit) for SystemInit
    startup_stm32f407xx.o(.text) refers to __main.o(!!!main) for __main
    startup_stm32f407xx.o(.text) refers to startup_stm32f407xx.o(HEAP) for Heap_Mem
    startup_stm32f407xx.o(.text) refers to startup_stm32f407xx.o(STACK) for Stack_Mem
    main.o(i.SystemClock_Config) refers to rt_memclr_w.o(.text) for __aeabi_memclr4
    main.o(i.SystemClock_Config) refers to stm32f4xx_hal_rcc.o(i.HAL_RCC_OscConfig) for HAL_RCC_OscConfig
    main.o(i.SystemClock_Config) refers to stm32f4xx_hal_rcc.o(i.HAL_RCC_ClockConfig) for HAL_RCC_ClockConfig
    main.o(i.main) refers to stm32f4xx_hal.o(i.HAL_Init) for HAL_Init
    main.o(i.main) refers to main.o(i.SystemClock_Config) for SystemClock_Config
    main.o(i.main) refers to gpio.o(i.MX_GPIO_Init) for MX_GPIO_Init
    main.o(i.main) refers to dma.o(i.MX_DMA_Init) for MX_DMA_Init
    main.o(i.main) refers to usart.o(i.MX_UART5_Init) for MX_UART5_Init
    main.o(i.main) refers to i2c.o(i.MX_I2C2_Init) for MX_I2C2_Init
    main.o(i.main) refers to tim.o(i.MX_TIM1_Init) for MX_TIM1_Init
    main.o(i.main) refers to tim.o(i.MX_TIM3_Init) for MX_TIM3_Init
    main.o(i.main) refers to tim.o(i.MX_TIM4_Init) for MX_TIM4_Init
    main.o(i.main) refers to tim.o(i.MX_TIM2_Init) for MX_TIM2_Init
    main.o(i.main) refers to i2c.o(i.MX_I2C1_Init) for MX_I2C1_Init
    main.o(i.main) refers to usart.o(i.MX_USART1_UART_Init) for MX_USART1_UART_Init
    main.o(i.main) refers to usart.o(i.MX_USART6_UART_Init) for MX_USART6_UART_Init
    main.o(i.main) refers to usart.o(i.MX_UART4_Init) for MX_UART4_Init
    main.o(i.main) refers to usart.o(i.MX_USART2_UART_Init) for MX_USART2_UART_Init
    main.o(i.main) refers to spi.o(i.MX_SPI1_Init) for MX_SPI1_Init
    main.o(i.main) refers to scheduler.o(i.Scheduler_Init) for Scheduler_Init
    main.o(i.main) refers to scheduler.o(i.Scheduler_Run) for Scheduler_Run
    gpio.o(i.MX_GPIO_Init) refers to rt_memclr_w.o(.text) for __aeabi_memclr4
    gpio.o(i.MX_GPIO_Init) refers to stm32f4xx_hal_gpio.o(i.HAL_GPIO_WritePin) for HAL_GPIO_WritePin
[...]
    HAL_DMA_Init                             0x080029cd   Thumb Code   206  stm32f4xx_hal_dma.o(i.HAL_DMA_Init)
    HAL_DMA_Start_IT                         0x08002aa1   Thumb Code   110  stm32f4xx_hal_dma.o(i.HAL_DMA_Start_IT)
    HAL_Delay                                0x08002b11   Thumb Code    32  stm32f4xx_hal.o(i.HAL_Delay)
    HAL_GPIO_Init                            0x08002b35   Thumb Code   450  stm32f4xx_hal_gpio.o(i.HAL_GPIO_Init)
    HAL_GPIO_ReadPin                         0x08002d25   Thumb Code    10  stm32f4xx_hal_gpio.o(i.HAL_GPIO_ReadPin)
    HAL_GPIO_WritePin                        0x08002d2f   Thumb Code    10  stm32f4xx_hal_gpio.o(i.HAL_GPIO_WritePin)
    HAL_GetTick                              0x08002d39   Thumb Code     6  stm32f4xx_hal.o(i.HAL_GetTick)
    HAL_I2C_Init                             0x08002d45   Thumb Code   376  stm32f4xx_hal_i2c.o(i.HAL_I2C_Init)
    HAL_I2C_Master_Receive                   0x08002ecd   Thumb Code   482  stm32f4xx_hal_i2c.o(i.HAL_I2C_Master_Receive)
    HAL_I2C_Master_Transmit                  0x080030bd   Thumb Code   290  stm32f4xx_hal_i2c.o(i.HAL_I2C_Master_Transmit)
    HAL_I2C_Mem_Read                         0x080031e9   Thumb Code   502  stm32f4xx_hal_i2c.o(i.HAL_I2C_Mem_Read)
    HAL_I2C_Mem_Write                        0x080033ed   Thumb Code   294  stm32f4xx_hal_i2c.o(i.HAL_I2C_Mem_Write)
    HAL_I2C_MspInit                          0x0800351d   Thumb Code   154  i2c.o(i.HAL_I2C_MspInit)
    HAL_IncTick                              0x080035c9   Thumb Code    12  stm32f4xx_hal.o(i.HAL_IncTick)
    HAL_Init                                 0x080035d9   Thumb Code    48  stm32f4xx_hal.o(i.HAL_Init)
    HAL_InitTick                             0x0800360d   Thumb Code    54  stm32f4xx_hal.o(i.HAL_InitTick)
    HAL_MspInit                              0x0800364d   Thumb Code    42  stm32f4xx_hal_msp.o(i.HAL_MspInit)
    HAL_NVIC_EnableIRQ                       0x0800367d   Thumb Code    26  stm32f4xx_hal_cortex.o(i.HAL_NVIC_EnableIRQ)
    HAL_NVIC_SetPriority                     0x08003699   Thumb Code    60  stm32f4xx_hal_cortex.o(i.HAL_NVIC_SetPriority)
    HAL_NVIC_SetPriorityGrouping             0x080036d9   Thumb Code    26  stm32f4xx_hal_cortex.o(i.HAL_NVIC_SetPriorityGrouping)
    HAL_RCC_ClockConfig                      0x080036fd   Thumb Code   288  stm32f4xx_hal_rcc.o(i.HAL_RCC_ClockConfig)
    HAL_RCC_GetPCLK1Freq                     0x08003831   Thumb Code    20  stm32f4xx_hal_rcc.o(i.HAL_RCC_GetPCLK1Freq)
    HAL_RCC_GetPCLK2Freq                     0x08003851   Thumb Code    20  stm32f4xx_hal_rcc.o(i.HAL_RCC_GetPCLK2Freq)
    HAL_RCC_GetSysClockFreq                  0x08003871   Thumb Code    88  stm32f4xx_hal_rcc.o(i.HAL_RCC_GetSysClockFreq)
    HAL_RCC_OscConfig                        0x080038d1   Thumb Code   856  stm32f4xx_hal_rcc.o(i.HAL_RCC_OscConfig)
    HAL_SPI_Init                             0x08003c3d   Thumb Code   188  stm32f4xx_hal_spi.o(i.HAL_SPI_Init)
    HAL_SPI_MspInit                          0x08003cf9   Thumb Code    92  spi.o(i.HAL_SPI_MspInit)
    HAL_SPI_TransmitReceive                  0x08003d61   Thumb Code   496  stm32f4xx_hal_spi.o(i.HAL_SPI_TransmitReceive)
    HAL_SYSTICK_Config                       0x08003f51   Thumb Code    40  stm32f4xx_hal_cortex.o(i.HAL_SYSTICK_Config)
    HAL_TIMEx_BreakCallback                  0x08003f79   Thumb Code     2  stm32f4xx_hal_tim_ex.o(i.HAL_TIMEx_BreakCallback)
    HAL_TIMEx_CommutCallback                 0x08003f7b   Thumb Code     2  stm32f4xx_hal_tim_ex.o(i.HAL_TIMEx_CommutCallback)
    HAL_TIMEx_ConfigBreakDeadTime            0x08003f7d   Thumb Code    84  stm32f4xx_hal_tim_ex.o(i.HAL_TIMEx_ConfigBreakDeadTime)
    HAL_TIMEx_MasterConfigSynchronization    0x08003fd1   Thumb Code   116  stm32f4xx_hal_tim_ex.o(i.HAL_TIMEx_MasterConfigSynchronization)
    HAL_TIM_Base_Init                        0x08004061   Thumb Code    90  stm32f4xx_hal_tim.o(i.HAL_TIM_Base_Init)
    HAL_TIM_Base_MspInit                     0x080040bd   Thumb Code    76  tim.o(i.HAL_TIM_Base_MspInit)
    HAL_TIM_Base_Start_IT                    0x08004111   Thumb Code   100  stm32f4xx_hal_tim.o(i.HAL_TIM_Base_Start_IT)
    HAL_TIM_ConfigClockSource                0x08004191   Thumb Code   220  stm32f4xx_hal_tim.o(i.HAL_TIM_ConfigClockSource)
    HAL_TIM_Encoder_Init                     0x0800426d   Thumb Code   164  stm32f4xx_hal_tim.o(i.HAL_TIM_Encoder_Init)
    HAL_TIM_Encoder_MspInit                  0x08004311   Thumb Code   142  tim.o(i.HAL_TIM_Encoder_MspInit)
    HAL_TIM_Encoder_Start                    0x080043b5   Thumb Code   142  stm32f4xx_hal_tim.o(i.HAL_TIM_Encoder_Start)
    HAL_TIM_IC_CaptureCallback               0x08004443   Thumb Code     2  stm32f4xx_hal_tim.o(i.HAL_TIM_IC_CaptureCallback)
    HAL_TIM_IRQHandler                       0x08004445   Thumb Code   304  stm32f4xx_hal_tim.o(i.HAL_TIM_IRQHandler)
    HAL_TIM_MspPostInit                      0x08004575   Thumb Code    72  tim.o(i.HAL_TIM_MspPostInit)
    HAL_TIM_OC_DelayElapsedCallback          0x080045c9   Thumb Code     2  stm32f4xx_hal_tim.o(i.HAL_TIM_OC_DelayElapsedCallback)
    HAL_TIM_PWM_ConfigChannel                0x080045cb   Thumb Code   204  stm32f4xx_hal_tim.o(i.HAL_TIM_PWM_ConfigChannel)
    HAL_TIM_PWM_Init                         0x08004697   Thumb Code    90  stm32f4xx_hal_tim.o(i.HAL_TIM_PWM_Init)
    HAL_TIM_PWM_MspInit                      0x080046f1   Thumb Code     2  stm32f4xx_hal_tim.o(i.HAL_TIM_PWM_MspInit)
    HAL_TIM_PWM_PulseFinishedCallback        0x080046f3   Thumb Code     2  stm32f4xx_hal_tim.o(i.HAL_TIM_PWM_PulseFinishedCallback)
    HAL_TIM_PWM_Start                        0x080046f5   Thumb Code   172  stm32f4xx_hal_tim.o(i.HAL_TIM_PWM_Start)
    HAL_TIM_PeriodElapsedCallback            0x080047bd   Thumb Code    58  scheduler_task.o(i.HAL_TIM_PeriodElapsedCallback)
    HAL_TIM_TriggerCallback                  0x08004801   Thumb Code     2  stm32f4xx_hal_tim.o(i.HAL_TIM_TriggerCallback)
    HAL_UARTEx_ReceiveToIdle_DMA             0x08004803   Thumb Code    74  stm32f4xx_hal_uart.o(i.HAL_UARTEx_ReceiveToIdle_DMA)
    HAL_UARTEx_RxEventCallback               0x0800484d   Thumb Code   300  uart_driver.o(i.HAL_UARTEx_RxEventCallback)
    HAL_UART_DMAStop                         0x080049c1   Thumb Code   112  stm32f4xx_hal_uart.o(i.HAL_UART_DMAStop)
    HAL_UART_ErrorCallback                   0x08004a31   Thumb Code     2  stm32f4xx_hal_uart.o(i.HAL_UART_ErrorCallback)
    HAL_UART_IRQHandler                      0x08004a35   Thumb Code   636  stm32f4xx_hal_uart.o(i.HAL_UART_IRQHandler)
    HAL_UART_Init                            0x08004cb5   Thumb Code   100  stm32f4xx_hal_uart.o(i.HAL_UART_Init)
    HAL_UART_MspInit                         0x08004d19   Thumb Code   712  usart.o(i.HAL_UART_MspInit)
    HAL_UART_RxCpltCallback                  0x08005015   Thumb Code     2  stm32f4xx_hal_uart.o(i.HAL_UART_RxCpltCallback)
    HAL_UART_RxHalfCpltCallback              0x08005017   Thumb Code     2  stm32f4xx_hal_uart.o(i.HAL_UART_RxHalfCpltCallback)
    HAL_UART_Transmit                        0x08005019   Thumb Code   160  stm32f4xx_hal_uart.o(i.HAL_UART_Transmit)
    HAL_UART_TxCpltCallback                  0x080050b9   Thumb Code     2  stm32f4xx_hal_uart.o(i.HAL_UART_TxCpltCallback)
    HardFault_Handler                        0x080050bb   Thumb Code     2  stm32f4xx_it.o(i.HardFault_Handler)
    ICM206xx_Init                            0x08005685   Thumb Code   350  icm20608.o(i.ICM206xx_Init)
    ICM206xx_Read_Data                       0x080057e9   Thumb Code   578  icm20608.o(i.ICM206xx_Read_Data)
    IIC_Get_Digtal                           0x08005a45   Thumb Code    20  hardware_iic.o(i.IIC_Get_Digtal)
    IIC_ReadBytes                            0x08005a59   Thumb Code    32  hardware_iic.o(i.IIC_ReadBytes)
    Key_Init                                 0x08005a7d   Thumb Code    18  key_app.o(i.Key_Init)
    Key_Task                                 0x08005aa9   Thumb Code    14  key_app.o(i.Key_Task)
    Led_Display                              0x08005ab9   Thumb Code   136  led_driver.o(i.Led_Display)
    Led_Init                                 0x08005b4d   Thumb Code    22  led_app.o(i.Led_Init)
    Led_Task                                 0x08005b81   Thumb Code     8  led_app.o(i.Led_Task)
    MX_DMA_Init                              0x08005b8d   Thumb Code   120  dma.o(i.MX_DMA_Init)
    MX_GPIO_Init                             0x08005c09   Thumb Code   236  gpio.o(i.MX_GPIO_Init)
    MX_I2C1_Init                             0x08005d09   Thumb Code    50  i2c.o(i.MX_I2C1_Init)
    MX_I2C2_Init                             0x08005d49   Thumb Code    50  i2c.o(i.MX_I2C2_Init)
    MX_SPI1_Init                             0x08005d89   Thumb Code    62  spi.o(i.MX_SPI1_Init)
    MX_TIM1_Init                             0x08005dd1   Thumb Code   240  tim.o(i.MX_TIM1_Init)
    MX_TIM2_Init                             0x08005ec9   Thumb Code    96  tim.o(i.MX_TIM2_Init)
    MX_TIM3_Init                             0x08005f2d   Thumb Code   100  tim.o(i.MX_TIM3_Init)
    MX_TIM4_Init                             0x08005f99   Thumb Code   100  tim.o(i.MX_TIM4_Init)
    MX_UART4_Init                            0x08006005   Thumb Code    48  usart.o(i.MX_UART4_Init)
    MX_UART5_Init                            0x0800603d   Thumb Code    48  usart.o(i.MX_UART5_Init)
    MX_USART1_UART_Init                      0x08006075   Thumb Code    48  usart.o(i.MX_USART1_UART_Init)
    MX_USART2_UART_Init                      0x080060ad   Thumb Code    48  usart.o(i.MX_USART2_UART_Init)
    MX_USART6_UART_Init                      0x080060e5   Thumb Code    48  usart.o(i.MX_USART6_UART_Init)
    MemManage_Handler                        0x0800611d   Thumb Code     2  stm32f4xx_it.o(i.MemManage_Handler)
    Motor_Config_Init                        0x0800611f   Thumb Code   120  motor_driver.o(i.Motor_Config_Init)
    Motor_Init                               0x08006199   Thumb Code    58  motor_app.o(i.Motor_Init)
    Motor_Task                               0x080061f5   Thumb Code     2  motor_app.o(i.Motor_Task)
    NMI_Handler                              0x080061f7   Thumb Code     2  stm32f4xx_it.o(i.NMI_Handler)
    OLED_Clear                               0x080061f9   Thumb Code    52  oled.o(i.OLED_Clear)
    OLED_Init                                0x0800622d   Thumb Code    42  oled.o(i.OLED_Init)
    OLED_Set_Position                        0x0800625d   Thumb Code    34  oled.o(i.OLED_Set_Position)
    OLED_Write_cmd                           0x08006281   Thumb Code    32  oled.o(i.OLED_Write_cmd)
    OLED_Write_data                          0x080062a5   Thumb Code    32  oled.o(i.OLED_Write_data)
    Oled_Init                                0x080062c9   Thumb Code    22  oled_app.o(i.Oled_Init)
    Oled_Task                                0x080062f9   Thumb Code     2  oled_app.o(i.Oled_Task)
    PID_Init                                 0x080062fd   Thumb Code    96  pid_app.o(i.PID_Init)
    PendSV_Handler                           0x08006369   Thumb Code     2  stm32f4xx_it.o(i.PendSV_Handler)
    PreprocessForMadgwick                    0x0800636d   Thumb Code   106  gyroscope_driver.o(i.PreprocessForMadgwick)
    SVC_Handler                              0x08006509   Thumb Code     2  stm32f4xx_it.o(i.SVC_Handler)
    Scheduler_Init                           0x0800650d   Thumb Code    14  scheduler.o(i.Scheduler_Init)
    Scheduler_Run                            0x08006521   Thumb Code    56  scheduler.o(i.Scheduler_Run)
    Single_ReadI2C                           0x0800655d   Thumb Code     4  icm20608_iic.o(i.Single_ReadI2C)
    StandardUnitCon                          0x08006561   Thumb Code   142  aht20.o(i.StandardUnitCon)
    SysTick_Handler                          0x0800661d   Thumb Code     4  stm32f4xx_it.o(i.SysTick_Handler)
    SystemClock_Config                       0x08006621   Thumb Code   138  main.o(i.SystemClock_Config)
    SystemInit                               0x080066b5   Thumb Code    12  system_stm32f4xx.o(i.SystemInit)
    System_Init                              0x080066c5   Thumb Code    76  scheduler_task.o(i.System_Init)
    TIM2_IRQHandler                          0x08006745   Thumb Code     6  stm32f4xx_it.o(i.TIM2_IRQHandler)
    TIM_Base_SetConfig                       0x08006751   Thumb Code   164  stm32f4xx_hal_tim.o(i.TIM_Base_SetConfig)
    TIM_CCxChannelCmd                        0x08006821   Thumb Code    26  stm32f4xx_hal_tim.o(i.TIM_CCxChannelCmd)
    TIM_ETR_SetConfig                        0x0800683b   Thumb Code    20  stm32f4xx_hal_tim.o(i.TIM_ETR_SetConfig)
    TIM_OC2_SetConfig                        0x080068c1   Thumb Code    98  stm32f4xx_hal_tim.o(i.TIM_OC2_SetConfig)
    UART4_IRQHandler                         0x08006a2d   Thumb Code     6  stm32f4xx_it.o(i.UART4_IRQHandler)
    UART5_IRQHandler                         0x08006a39   Thumb Code     6  stm32f4xx_it.o(i.UART5_IRQHandler)
    UART_Start_Receive_DMA                   0x08006d79   Thumb Code   146  stm32f4xx_hal_uart.o(i.UART_Start_Receive_DMA)
    USART1_IRQHandler                        0x08006e8d   Thumb Code     6  stm32f4xx_it.o(i.USART1_IRQHandler)
    USART2_IRQHandler                        0x08006e99   Thumb Code     6  stm32f4xx_it.o(i.USART2_IRQHandler)
    USART6_IRQHandler                        0x08006ea5   Thumb Code     6  stm32f4xx_it.o(i.USART6_IRQHandler)
    Uart1_Task                               0x08006eb1   Thumb Code    54  uart_app.o(i.Uart1_Task)
    Uart2_Task                               0x08006f0d   Thumb Code    54  uart_app.o(i.Uart2_Task)
    Uart4_Task                               0x08006f69   Thumb Code    54  uart_app.o(i.Uart4_Task)
    Uart5_Task                               0x08006fc5   Thumb Code    54  uart_app.o(i.Uart5_Task)
    Uart6_Task                               0x08007021   Thumb Code    54  uart_app.o(i.Uart6_Task)
    Uart_Init                                0x0800707d   Thumb Code   172  uart_app.o(i.Uart_Init)
    Uart_Printf                              0x080071a1   Thumb Code    50  uart_driver.o(i.Uart_Printf)
    UsageFault_Handler                       0x080071d3   Thumb Code     2  stm32f4xx_it.o(i.UsageFault_Handler)
    ZDT_Motor_Init                           0x080071d5   Thumb Code    50  zdt_motor_app.o(i.ZDT_Motor_Init)
    ZDT_Motor_Task                           0x08007211   Thumb Code     2  zdt_motor_app.o(i.ZDT_Motor_Task)
    __ARM_fpclassify                         0x08007213   Thumb Code    48  fpclassify.o(i.__ARM_fpclassify)
    __ARM_fpclassifyf                        0x08007243   Thumb Code    38  fpclassifyf.o(i.__ARM_fpclassifyf)
    __hardfp_asinf                           0x08007289   Thumb Code   258  asinf.o(i.__hardfp_asinf)
    __hardfp_atan2f                          0x080073b5   Thumb Code   594  atan2f.o(i.__hardfp_atan2f)
    __hardfp_sqrt                            0x08007661   Thumb Code   122  sqrt.o(i.__hardfp_sqrt)
    __mathlib_flt_infnan                     0x080076db   Thumb Code     6  funder.o(i.__mathlib_flt_infnan)
    __mathlib_flt_infnan2                    0x080076e1   Thumb Code     6  funder.o(i.__mathlib_flt_infnan2)
    __mathlib_flt_invalid                    0x080076e9   Thumb Code    10  funder.o(i.__mathlib_flt_invalid)
    __mathlib_flt_underflow                  0x080076f9   Thumb Code    10  funder.o(i.__mathlib_flt_underflow)
    _is_digit                                0x08007709   Thumb Code    14  __printf_wp.o(i._is_digit)
    convert_to_continuous_yaw                0x080077a5   Thumb Code    80  gyroscope_driver.o(i.convert_to_continuous_yaw)
    ebtn_init                                0x08007805   Thumb Code    64  ebtn.o(i.ebtn_init)
    ebtn_process                             0x08007849   Thumb Code    94  ebtn.o(i.ebtn_process)
    ebtn_process_with_curr_state             0x08007989   Thumb Code   340  ebtn.o(i.ebtn_process_with_curr_state)
    ebtn_set_config                          0x08007ae1   Thumb Code     8  ebtn.o(i.ebtn_set_config)
    eulerAngles                              0x08007aed   Thumb Code   186  madgwickfilter.o(i.eulerAngles)
    i2cRead                                  0x08007bad   Thumb Code    34  icm20608_iic.o(i.i2cRead)
    i2cReadData                              0x08007bd5   Thumb Code    26  icm20608_iic.o(i.i2cReadData)
    i2cWrite                                 0x08007bf5   Thumb Code    32  icm20608_iic.o(i.i2cWrite)
    imu_filter                               0x08007c19   Thumb Code   602  madgwickfilter.o(i.imu_filter)
    main                                     0x08007ea9   Thumb Code    74  main.o(i.main)
    my_get_key_state                         0x08007ef5   Thumb Code    46  key_driver.o(i.my_get_key_state)
    my_handle_key_event                      0x08007f29   Thumb Code    46  key_app.o(i.my_handle_key_event)
    pid_init                                 0x08007f71   Thumb Code    42  pid.o(i.pid_init)
    pid_set_target                           0x08007fa1   Thumb Code     6  pid.o(i.pid_set_target)
    quat_mult                                0x0800815f   Thumb Code    90  madgwickfilter.o(i.quat_mult)
    rt_ringbuffer_data_len                   0x080081eb   Thumb Code    48  ringbuffer.o(i.rt_ringbuffer_data_len)
    rt_ringbuffer_get                        0x0800821b   Thumb Code   110  ringbuffer.o(i.rt_ringbuffer_get)
    rt_ringbuffer_init                       0x08008289   Thumb Code    38  ringbuffer.o(i.rt_ringbuffer_init)
    rt_ringbuffer_put                        0x080082af   Thumb Code   114  ringbuffer.o(i.rt_ringbuffer_put)
    rt_ringbuffer_status                     0x08008321   Thumb Code    32  ringbuffer.o(i.rt_ringbuffer_status)
    spi_flash_buffer_read                    0x08008341   Thumb Code    82  gd25qxx.o(i.spi_flash_buffer_read)
    spi_flash_buffer_write                   0x08008399   Thumb Code   178  gd25qxx.o(i.spi_flash_buffer_write)
    spi_flash_init                           0x0800844d   Thumb Code    10  gd25qxx.o(i.spi_flash_init)
    spi_flash_page_write                     0x0800845d   Thumb Code    88  gd25qxx.o(i.spi_flash_page_write)
    spi_flash_read_id                        0x080084b9   Thumb Code    68  gd25qxx.o(i.spi_flash_read_id)
    spi_flash_sector_erase                   0x08008501   Thumb Code    66  gd25qxx.o(i.spi_flash_sector_erase)
    spi_flash_send_byte                      0x08008549   Thumb Code    28  gd25qxx.o(i.spi_flash_send_byte)
    spi_flash_wait_for_write_end             0x08008569   Thumb Code    44  gd25qxx.o(i.spi_flash_wait_for_write_end)
    spi_flash_write_enable                   0x08008599   Thumb Code    34  gd25qxx.o(i.spi_flash_write_enable)
    sqrtf                                    0x080085c1   Thumb Code    62  sqrtf.o(i.sqrtf)
    _get_lc_numeric                          0x08008601   Thumb Code    44  lc_numeric_c.o(locale$$code)
    _get_lc_ctype                            0x0800862d   Thumb Code    44  lc_ctype_c.o(locale$$code)
    __aeabi_d2f                              0x08008659   Thumb Code     0  d2f.o(x$fpl$d2f)
    _d2f                                     0x08008659   Thumb Code    98  d2f.o(x$fpl$d2f)
    __aeabi_dadd                             0x080086bd   Thumb Code     0  daddsub_clz.o(x$fpl$dadd)
    _dadd                                    0x080086bd   Thumb Code   332  daddsub_clz.o(x$fpl$dadd)
    __aeabi_ui2d                             0x0800880d   Thumb Code     0  dflt_clz.o(x$fpl$dfltu)
    _dfltu                                   0x0800880d   Thumb Code    38  dflt_clz.o(x$fpl$dfltu)
    __aeabi_dmul                             0x08008835   Thumb Code     0  dmul.o(x$fpl$dmul)
    _dmul                                    0x08008835   Thumb Code   332  dmul.o(x$fpl$dmul)
    __fpl_dnaninf                            0x08008989   Thumb Code   156  dnaninf.o(x$fpl$dnaninf)
    __fpl_dretinf                            0x08008a25   Thumb Code    12  dretinf.o(x$fpl$dretinf)
    __aeabi_drsub                            0x08008a31   Thumb Code     0  daddsub_clz.o(x$fpl$drsb)
    _drsb                                    0x08008a31   Thumb Code    22  daddsub_clz.o(x$fpl$drsb)
    _dsqrt                                   0x08008a49   Thumb Code   404  dsqrt_umaal.o(x$fpl$dsqrt)
    __aeabi_dsub                             0x08008be1   Thumb Code     0  daddsub_clz.o(x$fpl$dsub)
    _dsub                                    0x08008be1   Thumb Code   464  daddsub_clz.o(x$fpl$dsub)
    __aeabi_f2d                              0x08008db5   Thumb Code     0  f2d.o(x$fpl$f2d)
    _f2d                                     0x08008db5   Thumb Code    86  f2d.o(x$fpl$f2d)
    __fpl_fnaninf                            0x08008e0b   Thumb Code   140  fnaninf.o(x$fpl$fnaninf)
    _fp_init                                 0x08008e97   Thumb Code    10  fpinit.o(x$fpl$fpinit)
    __fplib_config_fpu_vfp                   0x08008e9f   Thumb Code     0  fpinit.o(x$fpl$fpinit)
    __fplib_config_pureend_doubles           0x08008e9f   Thumb Code     0  fpinit.o(x$fpl$fpinit)
    __fpl_fretinf                            0x08008ea1   Thumb Code    10  fretinf.o(x$fpl$fretinf)
    _printf_fp_dec                           0x08008eab   Thumb Code     4  printf1.o(x$fpl$printf1)
    _printf_fp_hex                           0x08008eaf   Thumb Code     4  printf2.o(x$fpl$printf2)
    __I$use$fp                               0x08008eb2   Number         0  usenofp.o(x$fpl$usenofp)
    AHBPrescTable                            0x08008eba   Data          16  system_stm32f4xx.o(.constdata)
    APBPrescTable                            0x08008eca   Data           8  system_stm32f4xx.o(.constdata)
    Region$$Table$$Base                      0x08008fdc   Number         0  anon$$obj.o(Region$$Table)
    Region$$Table$$Limit                     0x08008ffc   Number         0  anon$$obj.o(Region$$Table)
    __ctype                                  0x08009025   Data           0  lc_ctype_c.o(locale$$data)
    uwTickFreq                               0x20000000   Data           1  stm32f4xx_hal.o(.data)
    uwTickPrio                               0x20000004   Data           4  stm32f4xx_hal.o(.data)
    uwTick                                   0x20000008   Data           4  stm32f4xx_hal.o(.data)
    SystemCoreClock                          0x2000000c   Data           4  system_stm32f4xx.o(.data)
    initcmd1                                 0x20000010   Data          22  oled.o(.data)
    IMU_ID                                   0x20000026   Data           1  icm20608.o(.data)
    q_est                                    0x20000028   Data          16  madgwickfilter.o(.data)
    g_is_yaw_initialized                     0x200000b0   Data           1  gyroscope_driver.o(.data)
    g_last_yaw                               0x200000b4   Data           4  gyroscope_driver.o(.data)
    g_revolution_count                       0x200000b8   Data           4  gyroscope_driver.o(.data)
    led_buf                                  0x200000bc   Data           4  led_app.o(.data)
    gray_digtal                              0x200000c0   Data           1  gray_app.o(.data)
    first_gyroscope_flag                     0x200000c4   Data           1  gyroscope_app.o(.data)
    frist_roll                               0x200000c8   Data           4  gyroscope_app.o(.data)
    frist_pitch                              0x200000cc   Data           4  gyroscope_app.o(.data)
    frist_yaw                                0x200000d0   Data           4  gyroscope_app.o(.data)
    icm20608_first_tick                      0x200000d4   Data           4  gyroscope_app.o(.data)
    pid_running                              0x200000d8   Data           1  pid_app.o(.data)
    basic_speed                              0x200000dc   Data           4  pid_app.o(.data)
    pid_params_left                          0x200000e0   Data          20  pid_app.o(.data)
    pid_params_right                         0x200000f4   Data          20  pid_app.o(.data)
    start_count                              0x20000108   Data           1  flash_app.o(.data)
    task_num                                 0x2000010c   Data           1  scheduler.o(.data)
    key_timer10ms                            0x200001a0   Data           1  scheduler_task.o(.data)
    gyroscope_timer10ms                      0x200001a1   Data           1  scheduler_task.o(.data)
    hi2c1                                    0x200001a4   Data          84  i2c.o(.bss)
    hi2c2                                    0x200001f8   Data          84  i2c.o(.bss)
    hspi1                                    0x2000024c   Data          88  spi.o(.bss)
    htim1                                    0x200002a4   Data          72  tim.o(.bss)
    htim2                                    0x200002ec   Data          72  tim.o(.bss)
    htim3                                    0x20000334   Data          72  tim.o(.bss)
    htim4                                    0x2000037c   Data          72  tim.o(.bss)
    huart4                                   0x200003c4   Data          72  usart.o(.bss)
    huart5                                   0x2000040c   Data          72  usart.o(.bss)
    huart1                                   0x20000454   Data          72  usart.o(.bss)
    huart2                                   0x2000049c   Data          72  usart.o(.bss)
    huart6                                   0x200004e4   Data          72  usart.o(.bss)
    hdma_uart4_rx                            0x2000052c   Data          96  usart.o(.bss)
    hdma_uart5_rx                            0x2000058c   Data          96  usart.o(.bss)
    hdma_usart1_rx                           0x200005ec   Data          96  usart.o(.bss)
    hdma_usart2_rx                           0x2000064c   Data          96  usart.o(.bss)
    hdma_usart6_rx                           0x200006ac   Data          96  usart.o(.bss)
    uart1_rx_dma_buffer                      0x20000740   Data         128  uart_driver.o(.bss)
    uart1_ring_buffer                        0x200007c0   Data          12  uart_driver.o(.bss)
    uart2_rx_dma_buffer                      0x200007cc   Data         128  uart_driver.o(.bss)
    uart2_ring_buffer                        0x2000084c   Data          12  uart_driver.o(.bss)
    uart4_rx_dma_buffer                      0x20000858   Data         128  uart_driver.o(.bss)
    uart4_ring_buffer                        0x200008d8   Data          12  uart_driver.o(.bss)
    uart5_rx_dma_buffer                      0x200008e4   Data         128  uart_driver.o(.bss)
    uart5_ring_buffer                        0x20000964   Data          12  uart_driver.o(.bss)
    uart6_rx_dma_buffer                      0x20000970   Data         128  uart_driver.o(.bss)
    uart6_ring_buffer                        0x200009f0   Data          12  uart_driver.o(.bss)
    uart1_ring_buffer_input                  0x200009fc   Data         128  uart_driver.o(.bss)
    uart1_data_buffer                        0x20000a7c   Data         128  uart_driver.o(.bss)
    uart2_ring_buffer_input                  0x20000afc   Data         128  uart_driver.o(.bss)
    uart2_data_buffer                        0x20000b7c   Data         128  uart_driver.o(.bss)
    uart4_ring_buffer_input                  0x20000bfc   Data         128  uart_driver.o(.bss)
    uart4_data_buffer                        0x20000c7c   Data         128  uart_driver.o(.bss)
    uart5_ring_buffer_input                  0x20000cfc   Data         128  uart_driver.o(.bss)
    uart5_data_buffer                        0x20000d7c   Data         128  uart_driver.o(.bss)
    uart6_ring_buffer_input                  0x20000dfc   Data         128  uart_driver.o(.bss)
    uart6_data_buffer                        0x20000e7c   Data         128  uart_driver.o(.bss)
    left_motor                               0x20000efc   Data          28  motor_app.o(.bss)
    right_motor                              0x20000f18   Data          28  motor_app.o(.bss)
    left_encoder                             0x20000f34   Data          16  encoder_app.o(.bss)
    right_encoder                            0x20000f44   Data          16  encoder_app.o(.bss)
    icm20608                                 0x20000f54   Data          40  gyroscope_app.o(.bss)
    pid_speed_left                           0x20000f7c   Data          60  pid_app.o(.bss)
    pid_speed_right                          0x20000fb8   Data          60  pid_app.o(.bss)
    Humiture                                 0x20000ff4   Data          20  aht20_app.o(.bss)
    __libspace_start                         0x20001008   Data          96  libspace.o(.bss)
    __temporary_stack_top$libspace           0x20001068   Data           0  libspace.o(.bss)



==============================================================================

Memory Map of the image

  Image Entry point : 0x08000189

  Load Region LR_IROM1 (Base: 0x08000000, Size: 0x000092cc, Max: 0x00080000, ABSOLUTE, COMPRESSED[0x000091b4])

    Execution Region ER_IROM1 (Exec base: 0x08000000, Load base: 0x08000000, Size: 0x00009128, Max: 0x00080000, ABSOLUTE)

    Exec Addr    Load Addr    Size         Type   Attr      Idx    E Section Name        Object

    0x08000000   0x08000000   0x00000188   Data   RO            3    RESET               startup_stm32f407xx.o
    0x08000188   0x08000188   0x00000008   Code   RO         6301  * !!!main             c_w.l(__main.o)
    0x08000190   0x08000190   0x00000034   Code   RO         6803    !!!scatter          c_w.l(__scatter.o)
    0x080001c4   0x080001c4   0x0000005a   Code   RO         6801    !!dczerorl2         c_w.l(__dczerorl2.o)
    0x0800021e   0x0800021e   0x00000002   PAD
    0x08000220   0x08000220   0x0000001c   Code   RO         6805    !!handler_zi        c_w.l(__scatter_zi.o)
    0x0800023c   0x0800023c   0x00000000   Code   RO         6504    .ARM.Collect$$_printf_percent$$00000000  c_w.l(_printf_percent.o)
    0x0800023c   0x0800023c   0x00000006   Code   RO         6493    .ARM.Collect$$_printf_percent$$00000001  c_w.l(_printf_n.o)
    0x08000242   0x08000242   0x00000006   Code   RO         6495    .ARM.Collect$$_printf_percent$$00000002  c_w.l(_printf_p.o)
    0x08000248   0x08000248   0x00000006   Code   RO         6500    .ARM.Collect$$_printf_percent$$00000003  c_w.l(_printf_f.o)
    0x0800024e   0x0800024e   0x00000006   Code   RO         6501    .ARM.Collect$$_printf_percent$$00000004  c_w.l(_printf_e.o)
    0x08000254   0x08000254   0x00000006   Code   RO         6502    .ARM.Collect$$_printf_percent$$00000005  c_w.l(_printf_g.o)
    0x0800025a   0x0800025a   0x00000006   Code   RO         6503    .ARM.Collect$$_printf_percent$$00000006  c_w.l(_printf_a.o)
    0x08000260   0x08000260   0x0000000a   Code   RO         6508    .ARM.Collect$$_printf_percent$$00000007  c_w.l(_printf_ll.o)
    0x0800026a   0x0800026a   0x00000006   Code   RO         6497    .ARM.Collect$$_printf_percent$$00000008  c_w.l(_printf_i.o)
    0x08000270   0x08000270   0x00000006   Code   RO         6498    .ARM.Collect$$_printf_percent$$00000009  c_w.l(_printf_d.o)
    0x08000276   0x08000276   0x00000006   Code   RO         6499    .ARM.Collect$$_printf_percent$$0000000A  c_w.l(_printf_u.o)
    0x0800027c   0x0800027c   0x00000006   Code   RO         6496    .ARM.Collect$$_printf_percent$$0000000B  c_w.l(_printf_o.o)
    0x08000282   0x08000282   0x00000006   Code   RO         6494    .ARM.Collect$$_printf_percent$$0000000C  c_w.l(_printf_x.o)
    0x08000288   0x08000288   0x00000006   Code   RO         6505    .ARM.Collect$$_printf_percent$$0000000D  c_w.l(_printf_lli.o)
    0x0800028e   0x0800028e   0x00000006   Code   RO         6506    .ARM.Collect$$_printf_percent$$0000000E  c_w.l(_printf_lld.o)
    0x08000294   0x08000294   0x00000006   Code   RO         6507    .ARM.Collect$$_printf_percent$$0000000F  c_w.l(_printf_llu.o)
    0x0800029a   0x0800029a   0x00000006   Code   RO         6512    .ARM.Collect$$_printf_percent$$00000010  c_w.l(_printf_llo.o)
    0x080002a0   0x080002a0   0x00000006   Code   RO         6513    .ARM.Collect$$_printf_percent$$00000011  c_w.l(_printf_llx.o)
    0x080002a6   0x080002a6   0x0000000a   Code   RO         6509    .ARM.Collect$$_printf_percent$$00000012  c_w.l(_printf_l.o)
    0x080002b0   0x080002b0   0x00000006   Code   RO         6491    .ARM.Collect$$_printf_percent$$00000013  c_w.l(_printf_c.o)
    0x080002b6   0x080002b6   0x00000006   Code   RO         6492    .ARM.Collect$$_printf_percent$$00000014  c_w.l(_printf_s.o)
    0x080002bc   0x080002bc   0x00000006   Code   RO         6510    .ARM.Collect$$_printf_percent$$00000015  c_w.l(_printf_lc.o)
    0x080002c2   0x080002c2   0x00000006   Code   RO         6511    .ARM.Collect$$_printf_percent$$00000016  c_w.l(_printf_ls.o)
    0x080002c8   0x080002c8   0x00000004   Code   RO         6650    .ARM.Collect$$_printf_percent$$00000017  c_w.l(_printf_percent_end.o)
    0x080002cc   0x080002cc   0x00000002   Code   RO         6731    .ARM.Collect$$libinit$$00000000  c_w.l(libinit.o)
    0x080002ce   0x080002ce   0x00000004   Code   RO         6516    .ARM.Collect$$libinit$$00000001  c_w.l(libinit2.o)
    0x080002d2   0x080002d2   0x00000000   Code   RO         6519    .ARM.Collect$$libinit$$00000004  c_w.l(libinit2.o)
    0x080002d2   0x080002d2   0x00000000   Code   RO         6522    .ARM.Collect$$libinit$$0000000A  c_w.l(libinit2.o)
    0x080002d2   0x080002d2   0x00000000   Code   RO         6524    .ARM.Collect$$libinit$$0000000C  c_w.l(libinit2.o)
    0x080002d2   0x080002d2   0x00000000   Code   RO         6526    .ARM.Collect$$libinit$$0000000E  c_w.l(libinit2.o)
    0x080002d2   0x080002d2   0x00000006   Code   RO         6527    .ARM.Collect$$libinit$$0000000F  c_w.l(libinit2.o)
    0x080002d8   0x080002d8   0x00000000   Code   RO         6529    .ARM.Collect$$libinit$$00000011  c_w.l(libinit2.o)
    0x080002d8   0x080002d8   0x0000000c   Code   RO         6530    .ARM.Collect$$libinit$$00000012  c_w.l(libinit2.o)
    0x080002e4   0x080002e4   0x00000000   Code   RO         6531    .ARM.Collect$$libinit$$00000013  c_w.l(libinit2.o)
    0x080002e4   0x080002e4   0x00000000   Code   RO         6533    .ARM.Collect$$libinit$$00000015  c_w.l(libinit2.o)
    0x080002e4   0x080002e4   0x0000000a   Code   RO         6534    .ARM.Collect$$libinit$$00000016  c_w.l(libinit2.o)
    0x080002ee   0x080002ee   0x00000000   Code   RO         6535    .ARM.Collect$$libinit$$00000017  c_w.l(libinit2.o)
    0x080002ee   0x080002ee   0x00000000   Code   RO         6537    .ARM.Collect$$libinit$$00000019  c_w.l(libinit2.o)
    0x080002ee   0x080002ee   0x00000000   Code   RO         6539    .ARM.Collect$$libinit$$0000001B  c_w.l(libinit2.o)
    0x080002ee   0x080002ee   0x00000000   Code   RO         6541    .ARM.Collect$$libinit$$0000001D  c_w.l(libinit2.o)
    0x080002ee   0x080002ee   0x00000000   Code   RO         6543    .ARM.Collect$$libinit$$0000001F  c_w.l(libinit2.o)
    0x080002ee   0x080002ee   0x00000000   Code   RO         6545    .ARM.Collect$$libinit$$00000021  c_w.l(libinit2.o)
    0x080002ee   0x080002ee   0x00000000   Code   RO         6547    .ARM.Collect$$libinit$$00000023  c_w.l(libinit2.o)
    0x080002ee   0x080002ee   0x00000000   Code   RO         6549    .ARM.Collect$$libinit$$00000025  c_w.l(libinit2.o)
    0x080002ee   0x080002ee   0x00000000   Code   RO         6553    .ARM.Collect$$libinit$$0000002C  c_w.l(libinit2.o)
    0x080002ee   0x080002ee   0x00000000   Code   RO         6555    .ARM.Collect$$libinit$$0000002E  c_w.l(libinit2.o)
    0x080002ee   0x080002ee   0x00000000   Code   RO         6557    .ARM.Collect$$libinit$$00000030  c_w.l(libinit2.o)
    0x080002ee   0x080002ee   0x00000000   Code   RO         6559    .ARM.Collect$$libinit$$00000032  c_w.l(libinit2.o)
    0x080002ee   0x080002ee   0x00000002   Code   RO         6560    .ARM.Collect$$libinit$$00000033  c_w.l(libinit2.o)
    0x080002f0   0x080002f0   0x00000002   Code   RO         6798    .ARM.Collect$$libshutdown$$00000000  c_w.l(libshutdown.o)
    0x080002f2   0x080002f2   0x00000000   Code   RO         6754    .ARM.Collect$$libshutdown$$00000002  c_w.l(libshutdown2.o)
    0x080002f2   0x080002f2   0x00000000   Code   RO         6756    .ARM.Collect$$libshutdown$$00000004  c_w.l(libshutdown2.o)
    0x080002f2   0x080002f2   0x00000000   Code   RO         6758    .ARM.Collect$$libshutdown$$00000006  c_w.l(libshutdown2.o)
    0x080002f2   0x080002f2   0x00000000   Code   RO         6761    .ARM.Collect$$libshutdown$$00000009  c_w.l(libshutdown2.o)
    0x080002f2   0x080002f2   0x00000000   Code   RO         6764    .ARM.Collect$$libshutdown$$0000000C  c_w.l(libshutdown2.o)
    0x080002f2   0x080002f2   0x00000000   Code   RO         6766    .ARM.Collect$$libshutdown$$0000000E  c_w.l(libshutdown2.o)
    0x080002f2   0x080002f2   0x00000000   Code   RO         6769    .ARM.Collect$$libshutdown$$00000011  c_w.l(libshutdown2.o)
    0x080002f2   0x080002f2   0x00000002   Code   RO         6770    .ARM.Collect$$libshutdown$$00000012  c_w.l(libshutdown2.o)
    0x080002f4   0x080002f4   0x00000000   Code   RO         6389    .ARM.Collect$$rtentry$$00000000  c_w.l(__rtentry.o)
    0x080002f4   0x080002f4   0x00000000   Code   RO         6606    .ARM.Collect$$rtentry$$00000002  c_w.l(__rtentry2.o)
    0x080002f4   0x080002f4   0x00000006   Code   RO         6618    .ARM.Collect$$rtentry$$00000004  c_w.l(__rtentry4.o)
    0x080002fa   0x080002fa   0x00000000   Code   RO         6608    .ARM.Collect$$rtentry$$00000009  c_w.l(__rtentry2.o)
    0x080002fa   0x080002fa   0x00000004   Code   RO         6609    .ARM.Collect$$rtentry$$0000000A  c_w.l(__rtentry2.o)
    0x080002fe   0x080002fe   0x00000000   Code   RO         6611    .ARM.Collect$$rtentry$$0000000C  c_w.l(__rtentry2.o)
    0x080002fe   0x080002fe   0x00000008   Code   RO         6612    .ARM.Collect$$rtentry$$0000000D  c_w.l(__rtentry2.o)
    0x08000306   0x08000306   0x00000002   Code   RO         6736    .ARM.Collect$$rtexit$$00000000  c_w.l(rtexit.o)
    0x08000308   0x08000308   0x00000000   Code   RO         6774    .ARM.Collect$$rtexit$$00000002  c_w.l(rtexit2.o)
    0x08000308   0x08000308   0x00000004   Code   RO         6775    .ARM.Collect$$rtexit$$00000003  c_w.l(rtexit2.o)
    0x0800030c   0x0800030c   0x00000006   Code   RO         6776    .ARM.Collect$$rtexit$$00000004  c_w.l(rtexit2.o)
    0x08000312   0x08000312   0x00000002   PAD
    0x08000314   0x08000314   0x00000040   Code   RO            4    .text               startup_stm32f407xx.o
    0x08000354   0x08000354   0x000000ee   Code   RO         6283    .text               c_w.l(lludivv7m.o)
    0x08000442   0x08000442   0x00000002   PAD
    0x08000444   0x08000444   0x00000034   Code   RO         6285    .text               c_w.l(vsnprintf.o)
    0x08000478   0x08000478   0x00000058   Code   RO         6287    .text               c_w.l(memcmp.o)
    0x080004d0   0x080004d0   0x0000003e   Code   RO         6289    .text               c_w.l(strlen.o)
    0x0800050e   0x0800050e   0x0000008a   Code   RO         6291    .text               c_w.l(rt_memcpy_v6.o)
    0x08000598   0x08000598   0x00000064   Code   RO         6293    .text               c_w.l(rt_memcpy_w.o)
    0x080005fc   0x080005fc   0x00000044   Code   RO         6295    .text               c_w.l(rt_memclr.o)
    0x08000640   0x08000640   0x0000004e   Code   RO         6297    .text               c_w.l(rt_memclr_w.o)
    0x0800068e   0x0800068e   0x00000006   Code   RO         6299    .text               c_w.l(heapauxi.o)
    0x08000694   0x08000694   0x00000016   Code   RO         6419    .text               c_w.l(_rserrno.o)
    0x080006aa   0x080006aa   0x0000004e   Code   RO         6423    .text               c_w.l(_printf_pad.o)
    0x080006f8   0x080006f8   0x00000024   Code   RO         6425    .text               c_w.l(_printf_truncate.o)
    0x0800071c   0x0800071c   0x00000052   Code   RO         6427    .text               c_w.l(_printf_str.o)
    0x0800076e   0x0800076e   0x00000002   PAD
    0x08000770   0x08000770   0x00000078   Code   RO         6429    .text               c_w.l(_printf_dec.o)
    0x080007e8   0x080007e8   0x00000028   Code   RO         6431    .text               c_w.l(_printf_charcount.o)
    0x08000810   0x08000810   0x00000030   Code   RO         6433    .text               c_w.l(_printf_char_common.o)
    0x08000840   0x08000840   0x0000000a   Code   RO         6435    .text               c_w.l(_sputc.o)
    0x0800084a   0x0800084a   0x00000010   Code   RO         6437    .text               c_w.l(_snputc.o)
    0x0800085a   0x0800085a   0x00000002   PAD
    0x0800085c   0x0800085c   0x000000bc   Code   RO         6439    .text               c_w.l(_printf_wctomb.o)
    0x08000918   0x08000918   0x0000007c   Code   RO         6442    .text               c_w.l(_printf_longlong_dec.o)
    0x08000994   0x08000994   0x00000070   Code   RO         6448    .text               c_w.l(_printf_oct_int_ll.o)
    0x08000a04   0x08000a04   0x00000094   Code   RO         6468    .text               c_w.l(_printf_hex_int_ll_ptr.o)
    0x08000a98   0x08000a98   0x00000188   Code   RO         6488    .text               c_w.l(__printf_flags_ss_wp.o)
    0x08000c20   0x08000c20   0x00000008   Code   RO         6602    .text               c_w.l(libspace.o)
    0x08000c28   0x08000c28   0x00000008   Code   RO         6625    .text               c_w.l(rt_errno_addr_intlibspace.o)
    0x08000c30   0x08000c30   0x0000008a   Code   RO         6635    .text               c_w.l(lludiv10.o)
    0x08000cba   0x08000cba   0x000000b2   Code   RO         6637    .text               c_w.l(_printf_intcommon.o)
    0x08000d6c   0x08000d6c   0x0000041e   Code   RO         6639    .text               c_w.l(_printf_fp_dec.o)
    0x0800118a   0x0800118a   0x00000002   PAD
    0x0800118c   0x0800118c   0x000002fc   Code   RO         6641    .text               c_w.l(_printf_fp_hex.o)
    0x08001488   0x08001488   0x0000002c   Code   RO         6646    .text               c_w.l(_printf_char.o)
    0x080014b4   0x080014b4   0x0000002c   Code   RO         6648    .text               c_w.l(_printf_wchar.o)
    0x080014e0   0x080014e0   0x00000040   Code   RO         6651    .text               c_w.l(_wcrtomb.o)
    0x08001520   0x08001520   0x00000002   Code   RO         6666    .text               c_w.l(use_no_semi.o)
    0x08001522   0x08001522   0x00000000   Code   RO         6668    .text               c_w.l(indicate_semi.o)
    0x08001522   0x08001522   0x0000004a   Code   RO         6669    .text               c_w.l(sys_stackheap_outer.o)
    0x0800156c   0x0800156c   0x00000010   Code   RO         6671    .text               c_w.l(rt_ctype_table.o)
    0x0800157c   0x0800157c   0x00000008   Code   RO         6678    .text               c_w.l(rt_locale_intlibspace.o)
    0x08001584   0x08001584   0x00000080   Code   RO         6682    .text               c_w.l(_printf_fp_infnan.o)
    0x08001604   0x08001604   0x000000e4   Code   RO         6684    .text               c_w.l(bigflt0.o)
    0x080016e8   0x080016e8   0x00000012   Code   RO         6712    .text               c_w.l(exit.o)
    0x080016fa   0x080016fa   0x00000002   PAD
    0x080016fc   0x080016fc   0x0000000c   Code   RO         6734    .text               c_w.l(sys_exit.o)
    0x08001708   0x08001708   0x00000080   Code   RO         6751    .text               c_w.l(strcmpv7m.o)
    0x08001788   0x08001788   0x0000003e   Code   RO         6687    CL$$btod_d2e        c_w.l(btod.o)
    0x080017c6   0x080017c6   0x00000046   Code   RO         6689    CL$$btod_d2e_denorm_low  c_w.l(btod.o)
    0x0800180c   0x0800180c   0x00000060   Code   RO         6688    CL$$btod_d2e_norm_op1  c_w.l(btod.o)
    0x0800186c   0x0800186c   0x00000338   Code   RO         6697    CL$$btod_div_common  c_w.l(btod.o)
    0x08001ba4   0x08001ba4   0x000000dc   Code   RO         6694    CL$$btod_e2e        c_w.l(btod.o)
    0x08001c80   0x08001c80   0x0000002a   Code   RO         6691    CL$$btod_ediv       c_w.l(btod.o)
    0x08001caa   0x08001caa   0x0000002a   Code   RO         6690    CL$$btod_emul       c_w.l(btod.o)
    0x08001cd4   0x08001cd4   0x00000244   Code   RO         6696    CL$$btod_mult_common  c_w.l(btod.o)
    0x08001f18   0x08001f18   0x0000001a   Code   RO         5212    i.AHT20_Get_Value   aht20.o
    0x08001f32   0x08001f32   0x00000002   PAD
    0x08001f34   0x08001f34   0x0000007c   Code   RO         5213    i.AHT20_Init        aht20.o
    0x08001fb0   0x08001fb0   0x00000088   Code   RO         5214    i.AHT20_ReadHT      aht20.o
    0x08002038   0x08002038   0x00000024   Code   RO         5215    i.AHT20_ReadStatusCmd  aht20.o
    0x0800205c   0x0800205c   0x00000038   Code   RO         6079    i.Aht20_Init        aht20_app.o
    0x08002094   0x08002094   0x00000014   Code   RO         6080    i.Aht20_Task        aht20_app.o
    0x080020a8   0x080020a8   0x00000002   Code   RO          598    i.BusFault_Handler  stm32f4xx_it.o
    0x080020aa   0x080020aa   0x00000002   PAD
    0x080020ac   0x080020ac   0x0000000c   Code   RO          599    i.DMA1_Stream0_IRQHandler  stm32f4xx_it.o
    0x080020b8   0x080020b8   0x0000000c   Code   RO          600    i.DMA1_Stream2_IRQHandler  stm32f4xx_it.o
    0x080020c4   0x080020c4   0x0000000c   Code   RO          601    i.DMA1_Stream5_IRQHandler  stm32f4xx_it.o
    0x080020d0   0x080020d0   0x0000000c   Code   RO          602    i.DMA2_Stream1_IRQHandler  stm32f4xx_it.o
    0x080020dc   0x080020dc   0x0000000c   Code   RO          603    i.DMA2_Stream2_IRQHandler  stm32f4xx_it.o
    0x080020e8   0x080020e8   0x00000028   Code   RO         1678    i.DMA_CalcBaseAndBitshift  stm32f4xx_hal_dma.o
    0x08002110   0x08002110   0x00000054   Code   RO         1679    i.DMA_CheckFifoParam  stm32f4xx_hal_dma.o
    0x08002164   0x08002164   0x00000028   Code   RO         1680    i.DMA_SetConfig     stm32f4xx_hal_dma.o
    0x0800218c   0x0800218c   0x00000002   Code   RO          604    i.DebugMon_Handler  stm32f4xx_it.o
    0x0800218e   0x0800218e   0x00000002   PAD
    0x08002190   0x08002190   0x00000034   Code   RO         5412    i.Ebtn_Init         key_driver.o
    0x080021c4   0x080021c4   0x00000038   Code   RO         4711    i.Emm_V5_En_Control  emm_v5.o
    0x080021fc   0x080021fc   0x00000034   Code   RO         4723    i.Emm_V5_Stop_Now   emm_v5.o
    0x08002230   0x08002230   0x0000002c   Code   RO         5579    i.Encoder_Driver_Init  encoder_driver.o
    0x0800225c   0x0800225c   0x0000004c   Code   RO         5937    i.Encoder_Init      encoder_app.o
    0x080022a8   0x080022a8   0x00000004   Code   RO           13    i.Error_Handler     main.o
    0x080022ac   0x080022ac   0x00000070   Code   RO         6115    i.Flash_Init        flash_app.o
    0x0800231c   0x0800231c   0x000002e0   Code   RO         6116    i.Flash_SPI_Test    flash_app.o
    0x080025fc   0x080025fc   0x00000002   Code   RO         6117    i.Flash_Task        flash_app.o
    0x080025fe   0x080025fe   0x00000002   PAD
    0x08002600   0x08002600   0x00000020   Code   RO         5868    i.Gray_Init         gray_app.o
    0x08002620   0x08002620   0x00000014   Code   RO         5869    i.Gray_Task         gray_app.o
    0x08002634   0x08002634   0x00000044   Code   RO         5970    i.Gyroscope_Init    gyroscope_app.o
    0x08002678   0x08002678   0x000000fc   Code   RO         5971    i.Gyroscope_Task    gyroscope_app.o
    0x08002774   0x08002774   0x00000092   Code   RO         1681    i.HAL_DMA_Abort     stm32f4xx_hal_dma.o
    0x08002806   0x08002806   0x00000024   Code   RO         1682    i.HAL_DMA_Abort_IT  stm32f4xx_hal_dma.o
    0x0800282a   0x0800282a   0x00000002   PAD
    0x0800282c   0x0800282c   0x000001a0   Code   RO         1686    i.HAL_DMA_IRQHandler  stm32f4xx_hal_dma.o
    0x080029cc   0x080029cc   0x000000d4   Code   RO         1687    i.HAL_DMA_Init      stm32f4xx_hal_dma.o
    0x08002aa0   0x08002aa0   0x0000006e   Code   RO         1691    i.HAL_DMA_Start_IT  stm32f4xx_hal_dma.o
    0x08002b0e   0x08002b0e   0x00000002   PAD
    0x08002b10   0x08002b10   0x00000024   Code   RO         2118    i.HAL_Delay         stm32f4xx_hal.o
    0x08002b34   0x08002b34   0x000001f0   Code   RO         1574    i.HAL_GPIO_Init     stm32f4xx_hal_gpio.o
    0x08002d24   0x08002d24   0x0000000a   Code   RO         1576    i.HAL_GPIO_ReadPin  stm32f4xx_hal_gpio.o
    0x08002d2e   0x08002d2e   0x0000000a   Code   RO         1578    i.HAL_GPIO_WritePin  stm32f4xx_hal_gpio.o
    0x08002d38   0x08002d38   0x0000000c   Code   RO         2124    i.HAL_GetTick       stm32f4xx_hal.o
    0x08002d44   0x08002d44   0x00000188   Code   RO          775    i.HAL_I2C_Init      stm32f4xx_hal_i2c.o
    0x08002ecc   0x08002ecc   0x000001f0   Code   RO          781    i.HAL_I2C_Master_Receive  stm32f4xx_hal_i2c.o
    0x080030bc   0x080030bc   0x0000012c   Code   RO          788    i.HAL_I2C_Master_Transmit  stm32f4xx_hal_i2c.o
    0x080031e8   0x080031e8   0x00000204   Code   RO          793    i.HAL_I2C_Mem_Read  stm32f4xx_hal_i2c.o
    0x080033ec   0x080033ec   0x00000130   Code   RO          796    i.HAL_I2C_Mem_Write  stm32f4xx_hal_i2c.o
    0x0800351c   0x0800351c   0x000000ac   Code   RO          365    i.HAL_I2C_MspInit   i2c.o
    0x080035c8   0x080035c8   0x00000010   Code   RO         2130    i.HAL_IncTick       stm32f4xx_hal.o
    0x080035d8   0x080035d8   0x00000034   Code   RO         2131    i.HAL_Init          stm32f4xx_hal.o
    0x0800360c   0x0800360c   0x00000040   Code   RO         2132    i.HAL_InitTick      stm32f4xx_hal.o
    0x0800364c   0x0800364c   0x00000030   Code   RO          740    i.HAL_MspInit       stm32f4xx_hal_msp.o
    0x0800367c   0x0800367c   0x0000001a   Code   RO         1966    i.HAL_NVIC_EnableIRQ  stm32f4xx_hal_cortex.o
    0x08003696   0x08003696   0x00000002   PAD
    0x08003698   0x08003698   0x00000040   Code   RO         1972    i.HAL_NVIC_SetPriority  stm32f4xx_hal_cortex.o
    0x080036d8   0x080036d8   0x00000024   Code   RO         1973    i.HAL_NVIC_SetPriorityGrouping  stm32f4xx_hal_cortex.o
    0x080036fc   0x080036fc   0x00000134   Code   RO         1220    i.HAL_RCC_ClockConfig  stm32f4xx_hal_rcc.o
    0x08003830   0x08003830   0x00000020   Code   RO         1227    i.HAL_RCC_GetPCLK1Freq  stm32f4xx_hal_rcc.o
    0x08003850   0x08003850   0x00000020   Code   RO         1228    i.HAL_RCC_GetPCLK2Freq  stm32f4xx_hal_rcc.o
    0x08003870   0x08003870   0x00000060   Code   RO         1229    i.HAL_RCC_GetSysClockFreq  stm32f4xx_hal_rcc.o
    0x080038d0   0x080038d0   0x0000036c   Code   RO         1232    i.HAL_RCC_OscConfig  stm32f4xx_hal_rcc.o
    0x08003c3c   0x08003c3c   0x000000bc   Code   RO         2380    i.HAL_SPI_Init      stm32f4xx_hal_spi.o
    0x08003cf8   0x08003cf8   0x00000068   Code   RO          413    i.HAL_SPI_MspInit   spi.o
    0x08003d60   0x08003d60   0x000001f0   Code   RO         2389    i.HAL_SPI_TransmitReceive  stm32f4xx_hal_spi.o
    0x08003f50   0x08003f50   0x00000028   Code   RO         1977    i.HAL_SYSTICK_Config  stm32f4xx_hal_cortex.o
    0x08003f78   0x08003f78   0x00000002   Code   RO         3397    i.HAL_TIMEx_BreakCallback  stm32f4xx_hal_tim_ex.o
    0x08003f7a   0x08003f7a   0x00000002   Code   RO         3398    i.HAL_TIMEx_CommutCallback  stm32f4xx_hal_tim_ex.o
    0x08003f7c   0x08003f7c   0x00000054   Code   RO         3400    i.HAL_TIMEx_ConfigBreakDeadTime  stm32f4xx_hal_tim_ex.o
    0x08003fd0   0x08003fd0   0x00000090   Code   RO         3416    i.HAL_TIMEx_MasterConfigSynchronization  stm32f4xx_hal_tim_ex.o
    0x08004060   0x08004060   0x0000005a   Code   RO         2693    i.HAL_TIM_Base_Init  stm32f4xx_hal_tim.o
    0x080040ba   0x080040ba   0x00000002   PAD
    0x080040bc   0x080040bc   0x00000054   Code   RO          455    i.HAL_TIM_Base_MspInit  tim.o
    0x08004110   0x08004110   0x00000080   Code   RO         2698    i.HAL_TIM_Base_Start_IT  stm32f4xx_hal_tim.o
    0x08004190   0x08004190   0x000000dc   Code   RO         2702    i.HAL_TIM_ConfigClockSource  stm32f4xx_hal_tim.o
    0x0800426c   0x0800426c   0x000000a4   Code   RO         2714    i.HAL_TIM_Encoder_Init  stm32f4xx_hal_tim.o
    0x08004310   0x08004310   0x000000a4   Code   RO          457    i.HAL_TIM_Encoder_MspInit  tim.o
    0x080043b4   0x080043b4   0x0000008e   Code   RO         2717    i.HAL_TIM_Encoder_Start  stm32f4xx_hal_tim.o
    0x08004442   0x08004442   0x00000002   Code   RO         2727    i.HAL_TIM_IC_CaptureCallback  stm32f4xx_hal_tim.o
    0x08004444   0x08004444   0x00000130   Code   RO         2741    i.HAL_TIM_IRQHandler  stm32f4xx_hal_tim.o
    0x08004574   0x08004574   0x00000054   Code   RO          458    i.HAL_TIM_MspPostInit  tim.o
    0x080045c8   0x080045c8   0x00000002   Code   RO         2744    i.HAL_TIM_OC_DelayElapsedCallback  stm32f4xx_hal_tim.o
    0x080045ca   0x080045ca   0x000000cc   Code   RO         2765    i.HAL_TIM_PWM_ConfigChannel  stm32f4xx_hal_tim.o
    0x08004696   0x08004696   0x0000005a   Code   RO         2768    i.HAL_TIM_PWM_Init  stm32f4xx_hal_tim.o
    0x080046f0   0x080046f0   0x00000002   Code   RO         2770    i.HAL_TIM_PWM_MspInit  stm32f4xx_hal_tim.o
    0x080046f2   0x080046f2   0x00000002   Code   RO         2771    i.HAL_TIM_PWM_PulseFinishedCallback  stm32f4xx_hal_tim.o
    0x080046f4   0x080046f4   0x000000c8   Code   RO         2773    i.HAL_TIM_PWM_Start  stm32f4xx_hal_tim.o
    0x080047bc   0x080047bc   0x00000044   Code   RO         6189    i.HAL_TIM_PeriodElapsedCallback  scheduler_task.o
    0x08004800   0x08004800   0x00000002   Code   RO         2784    i.HAL_TIM_TriggerCallback  stm32f4xx_hal_tim.o
    0x08004802   0x08004802   0x0000004a   Code   RO         3674    i.HAL_UARTEx_ReceiveToIdle_DMA  stm32f4xx_hal_uart.o
    0x0800484c   0x0800484c   0x00000174   Code   RO         5448    i.HAL_UARTEx_RxEventCallback  uart_driver.o
    0x080049c0   0x080049c0   0x00000070   Code   RO         3688    i.HAL_UART_DMAStop  stm32f4xx_hal_uart.o
    0x08004a30   0x08004a30   0x00000002   Code   RO         3690    i.HAL_UART_ErrorCallback  stm32f4xx_hal_uart.o
    0x08004a32   0x08004a32   0x00000002   PAD
    0x08004a34   0x08004a34   0x00000280   Code   RO         3693    i.HAL_UART_IRQHandler  stm32f4xx_hal_uart.o
    0x08004cb4   0x08004cb4   0x00000064   Code   RO         3694    i.HAL_UART_Init     stm32f4xx_hal_uart.o
    0x08004d18   0x08004d18   0x000002fc   Code   RO          533    i.HAL_UART_MspInit  usart.o
    0x08005014   0x08005014   0x00000002   Code   RO         3700    i.HAL_UART_RxCpltCallback  stm32f4xx_hal_uart.o
    0x08005016   0x08005016   0x00000002   Code   RO         3701    i.HAL_UART_RxHalfCpltCallback  stm32f4xx_hal_uart.o
    0x08005018   0x08005018   0x000000a0   Code   RO         3702    i.HAL_UART_Transmit  stm32f4xx_hal_uart.o
    0x080050b8   0x080050b8   0x00000002   Code   RO         3705    i.HAL_UART_TxCpltCallback  stm32f4xx_hal_uart.o
    0x080050ba   0x080050ba   0x00000002   Code   RO          605    i.HardFault_Handler  stm32f4xx_it.o
    0x080050bc   0x080050bc   0x0000002e   Code   RO          818    i.I2C_IsAcknowledgeFailed  stm32f4xx_hal_i2c.o
    0x080050ea   0x080050ea   0x00000002   PAD
    0x080050ec   0x080050ec   0x000000ec   Code   RO          821    i.I2C_MasterRequestRead  stm32f4xx_hal_i2c.o
    0x080051d8   0x080051d8   0x0000009c   Code   RO          822    i.I2C_MasterRequestWrite  stm32f4xx_hal_i2c.o
    0x08005274   0x08005274   0x000000fc   Code   RO          828    i.I2C_RequestMemoryRead  stm32f4xx_hal_i2c.o
    0x08005370   0x08005370   0x000000a8   Code   RO          829    i.I2C_RequestMemoryWrite  stm32f4xx_hal_i2c.o
    0x08005418   0x08005418   0x00000056   Code   RO          833    i.I2C_WaitOnBTFFlagUntilTimeout  stm32f4xx_hal_i2c.o
    0x0800546e   0x0800546e   0x00000002   PAD
    0x08005470   0x08005470   0x00000090   Code   RO          834    i.I2C_WaitOnFlagUntilTimeout  stm32f4xx_hal_i2c.o
    0x08005500   0x08005500   0x000000bc   Code   RO          835    i.I2C_WaitOnMasterAddressFlagUntilTimeout  stm32f4xx_hal_i2c.o
    0x080055bc   0x080055bc   0x00000070   Code   RO          836    i.I2C_WaitOnRXNEFlagUntilTimeout  stm32f4xx_hal_i2c.o
    0x0800562c   0x0800562c   0x00000056   Code   RO          837    i.I2C_WaitOnTXEFlagUntilTimeout  stm32f4xx_hal_i2c.o
    0x08005682   0x08005682   0x00000002   PAD
    0x08005684   0x08005684   0x00000164   Code   RO         4506    i.ICM206xx_Init     icm20608.o
    0x080057e8   0x080057e8   0x0000025c   Code   RO         4507    i.ICM206xx_Read_Data  icm20608.o
    0x08005a44   0x08005a44   0x00000014   Code   RO         4431    i.IIC_Get_Digtal    hardware_iic.o
    0x08005a58   0x08005a58   0x00000024   Code   RO         4435    i.IIC_ReadBytes     hardware_iic.o
    0x08005a7c   0x08005a7c   0x0000002c   Code   RO         5741    i.Key_Init          key_app.o
    0x08005aa8   0x08005aa8   0x0000000e   Code   RO         5742    i.Key_Task          key_app.o
    0x08005ab6   0x08005ab6   0x00000002   PAD
    0x08005ab8   0x08005ab8   0x00000094   Code   RO         5366    i.Led_Display       led_driver.o
    0x08005b4c   0x08005b4c   0x00000034   Code   RO         5669    i.Led_Init          led_app.o
    0x08005b80   0x08005b80   0x0000000c   Code   RO         5670    i.Led_Task          led_app.o
    0x08005b8c   0x08005b8c   0x0000007c   Code   RO          340    i.MX_DMA_Init       dma.o
    0x08005c08   0x08005c08   0x00000100   Code   RO          316    i.MX_GPIO_Init      gpio.o
    0x08005d08   0x08005d08   0x00000040   Code   RO          366    i.MX_I2C1_Init      i2c.o
    0x08005d48   0x08005d48   0x00000040   Code   RO          367    i.MX_I2C2_Init      i2c.o
    0x08005d88   0x08005d88   0x00000048   Code   RO          414    i.MX_SPI1_Init      spi.o
    0x08005dd0   0x08005dd0   0x000000f8   Code   RO          459    i.MX_TIM1_Init      tim.o
    0x08005ec8   0x08005ec8   0x00000064   Code   RO          460    i.MX_TIM2_Init      tim.o
    0x08005f2c   0x08005f2c   0x0000006c   Code   RO          461    i.MX_TIM3_Init      tim.o
    0x08005f98   0x08005f98   0x0000006c   Code   RO          462    i.MX_TIM4_Init      tim.o
    0x08006004   0x08006004   0x00000038   Code   RO          534    i.MX_UART4_Init     usart.o
    0x0800603c   0x0800603c   0x00000038   Code   RO          535    i.MX_UART5_Init     usart.o
    0x08006074   0x08006074   0x00000038   Code   RO          536    i.MX_USART1_UART_Init  usart.o
    0x080060ac   0x080060ac   0x00000038   Code   RO          537    i.MX_USART2_UART_Init  usart.o
    0x080060e4   0x080060e4   0x00000038   Code   RO          538    i.MX_USART6_UART_Init  usart.o
    0x0800611c   0x0800611c   0x00000002   Code   RO          606    i.MemManage_Handler  stm32f4xx_it.o
    0x0800611e   0x0800611e   0x00000078   Code   RO         5523    i.Motor_Config_Init  motor_driver.o
    0x08006196   0x08006196   0x00000002   PAD
    0x08006198   0x08006198   0x0000005c   Code   RO         5904    i.Motor_Init        motor_app.o
    0x080061f4   0x080061f4   0x00000002   Code   RO         5905    i.Motor_Task        motor_app.o
    0x080061f6   0x080061f6   0x00000002   Code   RO          607    i.NMI_Handler       stm32f4xx_it.o
    0x080061f8   0x080061f8   0x00000034   Code   RO         4317    i.OLED_Clear        oled.o
    0x0800622c   0x0800622c   0x00000030   Code   RO         4320    i.OLED_Init         oled.o
    0x0800625c   0x0800625c   0x00000022   Code   RO         4321    i.OLED_Set_Position  oled.o
    0x0800627e   0x0800627e   0x00000002   PAD
    0x08006280   0x08006280   0x00000024   Code   RO         4329    i.OLED_Write_cmd    oled.o
    0x080062a4   0x080062a4   0x00000024   Code   RO         4330    i.OLED_Write_data   oled.o
    0x080062c8   0x080062c8   0x00000030   Code   RO         5837    i.Oled_Init         oled_app.o
    0x080062f8   0x080062f8   0x00000002   Code   RO         5838    i.Oled_Task         oled_app.o
    0x080062fa   0x080062fa   0x00000002   PAD
    0x080062fc   0x080062fc   0x0000006c   Code   RO         6007    i.PID_Init          pid_app.o
    0x08006368   0x08006368   0x00000002   Code   RO          608    i.PendSV_Handler    stm32f4xx_it.o
    0x0800636a   0x0800636a   0x00000002   PAD
    0x0800636c   0x0800636c   0x00000074   Code   RO         5612    i.PreprocessForMadgwick  gyroscope_driver.o
    0x080063e0   0x080063e0   0x0000006c   Code   RO         2418    i.SPI_EndRxTxTransaction  stm32f4xx_hal_spi.o
    0x0800644c   0x0800644c   0x000000bc   Code   RO         2423    i.SPI_WaitFlagStateUntilTimeout  stm32f4xx_hal_spi.o
    0x08006508   0x08006508   0x00000002   Code   RO          609    i.SVC_Handler       stm32f4xx_it.o
    0x0800650a   0x0800650a   0x00000002   PAD
    0x0800650c   0x0800650c   0x00000014   Code   RO         6156    i.Scheduler_Init    scheduler.o
    0x08006520   0x08006520   0x0000003c   Code   RO         6157    i.Scheduler_Run     scheduler.o
    0x0800655c   0x0800655c   0x00000004   Code   RO         4544    i.Single_ReadI2C    icm20608_iic.o
    0x08006560   0x08006560   0x000000bc   Code   RO         5218    i.StandardUnitCon   aht20.o
    0x0800661c   0x0800661c   0x00000004   Code   RO          610    i.SysTick_Handler   stm32f4xx_it.o
    0x08006620   0x08006620   0x00000094   Code   RO           14    i.SystemClock_Config  main.o
    0x080066b4   0x080066b4   0x00000010   Code   RO         4028    i.SystemInit        system_stm32f4xx.o
    0x080066c4   0x080066c4   0x00000080   Code   RO         6190    i.System_Init       scheduler_task.o
    0x08006744   0x08006744   0x0000000c   Code   RO          611    i.TIM2_IRQHandler   stm32f4xx_it.o
    0x08006750   0x08006750   0x000000d0   Code   RO         2786    i.TIM_Base_SetConfig  stm32f4xx_hal_tim.o
    0x08006820   0x08006820   0x0000001a   Code   RO         2787    i.TIM_CCxChannelCmd  stm32f4xx_hal_tim.o
    0x0800683a   0x0800683a   0x00000014   Code   RO         2797    i.TIM_ETR_SetConfig  stm32f4xx_hal_tim.o
    0x0800684e   0x0800684e   0x00000010   Code   RO         2798    i.TIM_ITRx_SetConfig  stm32f4xx_hal_tim.o
    0x0800685e   0x0800685e   0x00000002   PAD
    0x08006860   0x08006860   0x00000060   Code   RO         2799    i.TIM_OC1_SetConfig  stm32f4xx_hal_tim.o
    0x080068c0   0x080068c0   0x0000006c   Code   RO         2800    i.TIM_OC2_SetConfig  stm32f4xx_hal_tim.o
    0x0800692c   0x0800692c   0x00000068   Code   RO         2801    i.TIM_OC3_SetConfig  stm32f4xx_hal_tim.o
    0x08006994   0x08006994   0x00000050   Code   RO         2802    i.TIM_OC4_SetConfig  stm32f4xx_hal_tim.o
    0x080069e4   0x080069e4   0x00000022   Code   RO         2804    i.TIM_TI1_ConfigInputStage  stm32f4xx_hal_tim.o
    0x08006a06   0x08006a06   0x00000024   Code   RO         2806    i.TIM_TI2_ConfigInputStage  stm32f4xx_hal_tim.o
    0x08006a2a   0x08006a2a   0x00000002   PAD
    0x08006a2c   0x08006a2c   0x0000000c   Code   RO          612    i.UART4_IRQHandler  stm32f4xx_it.o
    0x08006a38   0x08006a38   0x0000000c   Code   RO          613    i.UART5_IRQHandler  stm32f4xx_it.o
    0x08006a44   0x08006a44   0x0000000e   Code   RO         3707    i.UART_DMAAbortOnError  stm32f4xx_hal_uart.o
    0x08006a52   0x08006a52   0x0000004a   Code   RO         3708    i.UART_DMAError     stm32f4xx_hal_uart.o
    0x08006a9c   0x08006a9c   0x00000086   Code   RO         3709    i.UART_DMAReceiveCplt  stm32f4xx_hal_uart.o
    0x08006b22   0x08006b22   0x0000001e   Code   RO         3711    i.UART_DMARxHalfCplt  stm32f4xx_hal_uart.o
    0x08006b40   0x08006b40   0x0000004e   Code   RO         3717    i.UART_EndRxTransfer  stm32f4xx_hal_uart.o
    0x08006b8e   0x08006b8e   0x0000001c   Code   RO         3718    i.UART_EndTxTransfer  stm32f4xx_hal_uart.o
    0x08006baa   0x08006baa   0x000000c2   Code   RO         3719    i.UART_Receive_IT   stm32f4xx_hal_uart.o
    0x08006c6c   0x08006c6c   0x0000010c   Code   RO         3720    i.UART_SetConfig    stm32f4xx_hal_uart.o
    0x08006d78   0x08006d78   0x000000a0   Code   RO         3721    i.UART_Start_Receive_DMA  stm32f4xx_hal_uart.o
    0x08006e18   0x08006e18   0x00000072   Code   RO         3723    i.UART_WaitOnFlagUntilTimeout  stm32f4xx_hal_uart.o
    0x08006e8a   0x08006e8a   0x00000002   PAD
    0x08006e8c   0x08006e8c   0x0000000c   Code   RO          614    i.USART1_IRQHandler  stm32f4xx_it.o
    0x08006e98   0x08006e98   0x0000000c   Code   RO          615    i.USART2_IRQHandler  stm32f4xx_it.o
    0x08006ea4   0x08006ea4   0x0000000c   Code   RO          616    i.USART6_IRQHandler  stm32f4xx_it.o
    0x08006eb0   0x08006eb0   0x0000005c   Code   RO         5782    i.Uart1_Task        uart_app.o
    0x08006f0c   0x08006f0c   0x0000005c   Code   RO         5783    i.Uart2_Task        uart_app.o
    0x08006f68   0x08006f68   0x0000005c   Code   RO         5784    i.Uart4_Task        uart_app.o
    0x08006fc4   0x08006fc4   0x0000005c   Code   RO         5785    i.Uart5_Task        uart_app.o
    0x08007020   0x08007020   0x0000005c   Code   RO         5786    i.Uart6_Task        uart_app.o
    0x0800707c   0x0800707c   0x00000124   Code   RO         5787    i.Uart_Init         uart_app.o
    0x080071a0   0x080071a0   0x00000032   Code   RO         5449    i.Uart_Printf       uart_driver.o
    0x080071d2   0x080071d2   0x00000002   Code   RO          617    i.UsageFault_Handler  stm32f4xx_it.o
    0x080071d4   0x080071d4   0x0000003c   Code   RO         6045    i.ZDT_Motor_Init    zdt_motor_app.o
    0x08007210   0x08007210   0x00000002   Code   RO         6046    i.ZDT_Motor_Task    zdt_motor_app.o
    0x08007212   0x08007212   0x00000030   Code   RO         6732    i.__ARM_fpclassify  m_wm.l(fpclassify.o)
    0x08007242   0x08007242   0x00000026   Code   RO         6584    i.__ARM_fpclassifyf  m_wm.l(fpclassifyf.o)
    0x08007268   0x08007268   0x00000020   Code   RO         1979    i.__NVIC_SetPriority  stm32f4xx_hal_cortex.o
    0x08007288   0x08007288   0x0000012c   Code   RO         6325    i.__hardfp_asinf    m_wm.l(asinf.o)
    0x080073b4   0x080073b4   0x000002ac   Code   RO         6337    i.__hardfp_atan2f   m_wm.l(atan2f.o)
    0x08007660   0x08007660   0x0000007a   Code   RO         6363    i.__hardfp_sqrt     m_wm.l(sqrt.o)
    0x080076da   0x080076da   0x00000006   Code   RO         6587    i.__mathlib_flt_infnan  m_wm.l(funder.o)
    0x080076e0   0x080076e0   0x00000006   Code   RO         6588    i.__mathlib_flt_infnan2  m_wm.l(funder.o)
    0x080076e6   0x080076e6   0x00000002   PAD
    0x080076e8   0x080076e8   0x00000010   Code   RO         6589    i.__mathlib_flt_invalid  m_wm.l(funder.o)
    0x080076f8   0x080076f8   0x00000010   Code   RO         6592    i.__mathlib_flt_underflow  m_wm.l(funder.o)
    0x08007708   0x08007708   0x0000000e   Code   RO         6481    i._is_digit         c_w.l(__printf_wp.o)
    0x08007716   0x08007716   0x00000002   PAD
    0x08007718   0x08007718   0x00000026   Code   RO         4062    i.bit_array_and     ebtn.o
    0x0800773e   0x0800773e   0x0000001e   Code   RO         4063    i.bit_array_assign  ebtn.o
    0x0800775c   0x0800775c   0x0000000c   Code   RO         4064    i.bit_array_cmp     ebtn.o
    0x08007768   0x08007768   0x00000012   Code   RO         4065    i.bit_array_get     ebtn.o
    0x0800777a   0x0800777a   0x00000002   PAD
    0x0800777c   0x0800777c   0x00000026   Code   RO         4066    i.bit_array_or      ebtn.o
    0x080077a2   0x080077a2   0x00000002   PAD
    0x080077a4   0x080077a4   0x00000060   Code   RO         5613    i.convert_to_continuous_yaw  gyroscope_driver.o
    0x08007804   0x08007804   0x00000044   Code   RO         4078    i.ebtn_init         ebtn.o
    0x08007848   0x08007848   0x00000064   Code   RO         4082    i.ebtn_process      ebtn.o
    0x080078ac   0x080078ac   0x0000002e   Code   RO         4083    i.ebtn_process_btn  ebtn.o
    0x080078da   0x080078da   0x00000002   PAD
    0x080078dc   0x080078dc   0x000000ac   Code   RO         4084    i.ebtn_process_btn_combo  ebtn.o
    0x08007988   0x08007988   0x00000158   Code   RO         4085    i.ebtn_process_with_curr_state  ebtn.o
    0x08007ae0   0x08007ae0   0x0000000c   Code   RO         4087    i.ebtn_set_config   ebtn.o
    0x08007aec   0x08007aec   0x000000c0   Code   RO         4603    i.eulerAngles       madgwickfilter.o
    0x08007bac   0x08007bac   0x00000028   Code   RO         4546    i.i2cRead           icm20608_iic.o
    0x08007bd4   0x08007bd4   0x00000020   Code   RO         4547    i.i2cReadData       icm20608_iic.o
    0x08007bf4   0x08007bf4   0x00000024   Code   RO         4548    i.i2cWrite          icm20608_iic.o
    0x08007c18   0x08007c18   0x00000290   Code   RO         4604    i.imu_filter        madgwickfilter.o
    0x08007ea8   0x08007ea8   0x0000004a   Code   RO           15    i.main              main.o
    0x08007ef2   0x08007ef2   0x00000002   PAD
    0x08007ef4   0x08007ef4   0x00000034   Code   RO         5413    i.my_get_key_state  key_driver.o
    0x08007f28   0x08007f28   0x00000048   Code   RO         5743    i.my_handle_key_event  key_app.o
    0x08007f70   0x08007f70   0x00000030   Code   RO         4647    i.pid_init          pid.o
    0x08007fa0   0x08007fa0   0x00000006   Code   RO         4652    i.pid_set_target    pid.o
    0x08007fa6   0x08007fa6   0x00000002   PAD
    0x08007fa8   0x08007fa8   0x0000014c   Code   RO         4088    i.prv_process_btn   ebtn.o
    0x080080f4   0x080080f4   0x0000006a   Code   RO         4605    i.quat_Normalization  madgwickfilter.o
    0x0800815e   0x0800815e   0x0000005a   Code   RO         4606    i.quat_mult         madgwickfilter.o
    0x080081b8   0x080081b8   0x00000032   Code   RO         4607    i.quat_scalar       madgwickfilter.o
    0x080081ea   0x080081ea   0x00000030   Code   RO         4230    i.rt_ringbuffer_data_len  ringbuffer.o
    0x0800821a   0x0800821a   0x0000006e   Code   RO         4231    i.rt_ringbuffer_get  ringbuffer.o
    0x08008288   0x08008288   0x00000026   Code   RO         4233    i.rt_ringbuffer_init  ringbuffer.o
    0x080082ae   0x080082ae   0x00000072   Code   RO         4235    i.rt_ringbuffer_put  ringbuffer.o
    0x08008320   0x08008320   0x00000020   Code   RO         4240    i.rt_ringbuffer_status  ringbuffer.o
    0x08008340   0x08008340   0x00000058   Code   RO         5271    i.spi_flash_buffer_read  gd25qxx.o
    0x08008398   0x08008398   0x000000b2   Code   RO         5272    i.spi_flash_buffer_write  gd25qxx.o
    0x0800844a   0x0800844a   0x00000002   PAD
    0x0800844c   0x0800844c   0x00000010   Code   RO         5274    i.spi_flash_init    gd25qxx.o
    0x0800845c   0x0800845c   0x0000005c   Code   RO         5275    i.spi_flash_page_write  gd25qxx.o
    0x080084b8   0x080084b8   0x00000048   Code   RO         5277    i.spi_flash_read_id  gd25qxx.o
    0x08008500   0x08008500   0x00000048   Code   RO         5278    i.spi_flash_sector_erase  gd25qxx.o
    0x08008548   0x08008548   0x00000020   Code   RO         5279    i.spi_flash_send_byte  gd25qxx.o
    0x08008568   0x08008568   0x00000030   Code   RO         5282    i.spi_flash_wait_for_write_end  gd25qxx.o
    0x08008598   0x08008598   0x00000028   Code   RO         5283    i.spi_flash_write_enable  gd25qxx.o
    0x080085c0   0x080085c0   0x0000003e   Code   RO         6377    i.sqrtf             m_wm.l(sqrtf.o)
    0x080085fe   0x080085fe   0x00000002   PAD
    0x08008600   0x08008600   0x0000002c   Code   RO         6710    locale$$code        c_w.l(lc_numeric_c.o)
    0x0800862c   0x0800862c   0x0000002c   Code   RO         6743    locale$$code        c_w.l(lc_ctype_c.o)
    0x08008658   0x08008658   0x00000062   Code   RO         6303    x$fpl$d2f           fz_wm.l(d2f.o)
    0x080086ba   0x080086ba   0x00000002   PAD
    0x080086bc   0x080086bc   0x00000150   Code   RO         6305    x$fpl$dadd          fz_wm.l(daddsub_clz.o)
    0x0800880c   0x0800880c   0x00000026   Code   RO         6315    x$fpl$dfltu         fz_wm.l(dflt_clz.o)
    0x08008832   0x08008832   0x00000002   PAD
    0x08008834   0x08008834   0x00000154   Code   RO         6321    x$fpl$dmul          fz_wm.l(dmul.o)
    0x08008988   0x08008988   0x0000009c   Code   RO         6563    x$fpl$dnaninf       fz_wm.l(dnaninf.o)
    0x08008a24   0x08008a24   0x0000000c   Code   RO         6565    x$fpl$dretinf       fz_wm.l(dretinf.o)
    0x08008a30   0x08008a30   0x00000016   Code   RO         6306    x$fpl$drsb          fz_wm.l(daddsub_clz.o)
    0x08008a46   0x08008a46   0x00000002   PAD
    0x08008a48   0x08008a48   0x00000198   Code   RO         6567    x$fpl$dsqrt         fz_wm.l(dsqrt_umaal.o)
    0x08008be0   0x08008be0   0x000001d4   Code   RO         6307    x$fpl$dsub          fz_wm.l(daddsub_clz.o)
    0x08008db4   0x08008db4   0x00000056   Code   RO         6323    x$fpl$f2d           fz_wm.l(f2d.o)
    0x08008e0a   0x08008e0a   0x0000008c   Code   RO         6569    x$fpl$fnaninf       fz_wm.l(fnaninf.o)
    0x08008e96   0x08008e96   0x0000000a   Code   RO         6664    x$fpl$fpinit        fz_wm.l(fpinit.o)
    0x08008ea0   0x08008ea0   0x0000000a   Code   RO         6571    x$fpl$fretinf       fz_wm.l(fretinf.o)
    0x08008eaa   0x08008eaa   0x00000004   Code   RO         6575    x$fpl$printf1       fz_wm.l(printf1.o)
    0x08008eae   0x08008eae   0x00000004   Code   RO         6577    x$fpl$printf2       fz_wm.l(printf2.o)
    0x08008eb2   0x08008eb2   0x00000000   Code   RO         6583    x$fpl$usenofp       fz_wm.l(usenofp.o)
    0x08008eb2   0x08008eb2   0x00000008   Data   RO         1693    .constdata          stm32f4xx_hal_dma.o
    0x08008eba   0x08008eba   0x00000010   Data   RO         4029    .constdata          system_stm32f4xx.o
    0x08008eca   0x08008eca   0x00000008   Data   RO         4030    .constdata          system_stm32f4xx.o
    0x08008ed2   0x08008ed2   0x0000000e   Data   RO         5414    .constdata          key_driver.o
    0x08008ee0   0x08008ee0   0x00000008   Data   RO         6440    .constdata          c_w.l(_printf_wctomb.o)
    0x08008ee8   0x08008ee8   0x00000028   Data   RO         6469    .constdata          c_w.l(_printf_hex_int_ll_ptr.o)
    0x08008f10   0x08008f10   0x00000011   Data   RO         6489    .constdata          c_w.l(__printf_flags_ss_wp.o)
    0x08008f21   0x08008f21   0x00000026   Data   RO         6642    .constdata          c_w.l(_printf_fp_hex.o)
    0x08008f47   0x08008f47   0x00000001   PAD
    0x08008f48   0x08008f48   0x00000094   Data   RO         6685    .constdata          c_w.l(bigflt0.o)
    0x08008fdc   0x08008fdc   0x00000020   Data   RO         6799    Region$$Table       anon$$obj.o
    0x08008ffc   0x08008ffc   0x0000001c   Data   RO         6709    locale$$data        c_w.l(lc_numeric_c.o)
    0x08009018   0x08009018   0x00000110   Data   RO         6742    locale$$data        c_w.l(lc_ctype_c.o)


    Execution Region RW_IRAM1 (Exec base: 0x20000000, Load base: 0x08009128, Size: 0x00003268, Max: 0x0001c000, ABSOLUTE, COMPRESSED[0x0000008c])

    Exec Addr    Load Addr    Size         Type   Attr      Idx    E Section Name        Object

    0x20000000   COMPRESSED   0x0000000c   Data   RW         2138    .data               stm32f4xx_hal.o
    0x2000000c   COMPRESSED   0x00000004   Data   RW         4031    .data               system_stm32f4xx.o
    0x20000010   COMPRESSED   0x00000016   Data   RW         4332    .data               oled.o
    0x20000026   COMPRESSED   0x00000002   Data   RW         4508    .data               icm20608.o
    0x20000028   COMPRESSED   0x00000010   Data   RW         4608    .data               madgwickfilter.o
    0x20000038   COMPRESSED   0x00000007   Data   RW         5219    .data               aht20.o
    0x2000003f   COMPRESSED   0x00000001   Data   RW         5367    .data               led_driver.o
    0x20000040   COMPRESSED   0x00000070   Data   RW         5415    .data               key_driver.o
    0x200000b0   COMPRESSED   0x0000000c   Data   RW         5614    .data               gyroscope_driver.o
    0x200000bc   COMPRESSED   0x00000004   Data   RW         5671    .data               led_app.o
    0x200000c0   COMPRESSED   0x00000001   Data   RW         5870    .data               gray_app.o
    0x200000c1   COMPRESSED   0x00000003   PAD
    0x200000c4   COMPRESSED   0x00000014   Data   RW         5973    .data               gyroscope_app.o
    0x200000d8   COMPRESSED   0x00000030   Data   RW         6010    .data               pid_app.o
    0x20000108   COMPRESSED   0x00000001   Data   RW         6120    .data               flash_app.o
    0x20000109   COMPRESSED   0x00000003   PAD
    0x2000010c   COMPRESSED   0x00000094   Data   RW         6158    .data               scheduler.o
    0x200001a0   COMPRESSED   0x00000002   Data   RW         6191    .data               scheduler_task.o
    0x200001a2   COMPRESSED   0x00000002   PAD
    0x200001a4        -       0x000000a8   Zero   RW          368    .bss                i2c.o
    0x2000024c        -       0x00000058   Zero   RW          415    .bss                spi.o
    0x200002a4        -       0x00000120   Zero   RW          463    .bss                tim.o
    0x200003c4        -       0x00000348   Zero   RW          539    .bss                usart.o
    0x2000070c        -       0x00000034   Zero   RW         4089    .bss                ebtn.o
    0x20000740        -       0x000002bc   Zero   RW         5450    .bss                uart_driver.o
    0x200009fc        -       0x00000080   Zero   RW         5451    .bss                uart_driver.o
    0x20000a7c        -       0x00000080   Zero   RW         5452    .bss                uart_driver.o
    0x20000afc        -       0x00000080   Zero   RW         5453    .bss                uart_driver.o
    0x20000b7c        -       0x00000080   Zero   RW         5454    .bss                uart_driver.o
    0x20000bfc        -       0x00000080   Zero   RW         5455    .bss                uart_driver.o
    0x20000c7c        -       0x00000080   Zero   RW         5456    .bss                uart_driver.o
    0x20000cfc        -       0x00000080   Zero   RW         5457    .bss                uart_driver.o
    0x20000d7c        -       0x00000080   Zero   RW         5458    .bss                uart_driver.o
    0x20000dfc        -       0x00000080   Zero   RW         5459    .bss                uart_driver.o
    0x20000e7c        -       0x00000080   Zero   RW         5460    .bss                uart_driver.o
    0x20000efc        -       0x00000038   Zero   RW         5906    .bss                motor_app.o
    0x20000f34        -       0x00000020   Zero   RW         5939    .bss                encoder_app.o
    0x20000f54        -       0x00000028   Zero   RW         5972    .bss                gyroscope_app.o
    0x20000f7c        -       0x00000078   Zero   RW         6009    .bss                pid_app.o
    0x20000ff4        -       0x00000014   Zero   RW         6081    .bss                aht20_app.o
    0x20001008        -       0x00000060   Zero   RW         6603    .bss                c_w.l(libspace.o)
    0x20001068        -       0x00001200   Zero   RW            2    HEAP                startup_stm32f407xx.o
    0x20002268        -       0x00001000   Zero   RW            1    STACK               startup_stm32f407xx.o


    Execution Region RW_IRAM2 (Exec base: 0x2001c000, Load base: 0x080091b4, Size: 0x00000000, Max: 0x00004000, ABSOLUTE)

    **** No section assigned to this execution region ****


==============================================================================

Image component sizes


      Code (inc. data)   RO Data    RW Data    ZI Data      Debug   Object Name

       510         62          0          7          0       4607   aht20.o
        76         32          0          0         20       1705   aht20_app.o
       124          4          0          0          0        830   dma.o
      1210         22          0          0         52      17815   ebtn.o
       108          0          0          0          0       1658   emm_v5.o
        76         40          0          0         32        752   encoder_app.o
        44          6          0          0          0       1574   encoder_driver.o
       850        530          0          1          0       2606   flash_app.o
       638         40          0          0          0       6380   gd25qxx.o
       256         20          0          0          0       1051   gpio.o
        52         30          0          1          0       1122   gray_app.o
       320         62          0         20         40       1999   gyroscope_app.o
       212         26          0         12          0       2061   gyroscope_driver.o
        56          4          0          0          0       1800   hardware_iic.o
       300         46          0          0        168       2326   i2c.o
       960         32          0          2          0       3730   icm20608.o
       112         16          0          0          0       2896   icm20608_iic.o
       130         52          0          0          0       1925   key_app.o
       104         18         14        112          0       1871   key_driver.o
        64         34          0          4          0       1368   led_app.o
       148         12          0          1          0        990   led_driver.o
      1094         60          0         16          0       5315   madgwickfilter.o
       226         10          0          0          0     720925   main.o
        94         34          0          0         56       1167   motor_app.o
       120          0          0          0          0       1796   motor_driver.o
       206         14          0         22          0       3954   oled.o
        50         26          0          0          0        920   oled_app.o
        54          6          0          0          0       1744   pid.o
       108         12          0         48        120       1377   pid_app.o
       342          0          0          0          0       6218   ringbuffer.o
        80         10          0        148          0       1668   scheduler.o
       196         62          0          2          0       1734   scheduler_task.o
       176         22          0          0         88       1657   spi.o
        64         26        392          0       8704        836   startup_stm32f407xx.o
       180         28          0         12          0       9357   stm32f4xx_hal.o
       198         14          0          0          0      33775   stm32f4xx_hal_cortex.o
      1084         16          8          0          0       7286   stm32f4xx_hal_dma.o
       516         46          0          0          0       2819   stm32f4xx_hal_gpio.o
      3482         88          0          0          0      17769   stm32f4xx_hal_i2c.o
        48          6          0          0          0        846   stm32f4xx_hal_msp.o
      1344         72          0          0          0       5212   stm32f4xx_hal_rcc.o
       980         16          0          0          0       4869   stm32f4xx_hal_spi.o
      2280        136          0          0          0      18857   stm32f4xx_hal_tim.o
       232         28          0          0          0       3269   stm32f4xx_hal_tim_ex.o
      2188         28          0          0          0      15584   stm32f4xx_hal_uart.o
       152         66          0          0          0       9232   stm32f4xx_it.o
        16          4         24          4          0       1103   system_stm32f4xx.o
       896         70          0          0        288       5253   tim.o
       752        310          0          0          0       3349   uart_app.o
       422         72          0          0       1980       3833   uart_driver.o
      1044         92          0          0        840       4923   usart.o
        62         10          0          0          0        962   zdt_motor_app.o

    ----------------------------------------------------------------------
     25090       2472        470        420      12388     958675   Object Totals
         0          0         32          0          0          0   (incl. Generated)
        54          0          0          8          0          0   (incl. Padding)

    ----------------------------------------------------------------------

      Code (inc. data)   RO Data    RW Data    ZI Data      Debug   Library Member Name

        90          0          0          0          0          0   __dczerorl2.o
         8          0          0          0          0         68   __main.o
       392          4         17          0          0         92   __printf_flags_ss_wp.o
        14          0          0          0          0         68   __printf_wp.o
         0          0          0          0          0          0   __rtentry.o
        12          0          0          0          0          0   __rtentry2.o
         6          0          0          0          0          0   __rtentry4.o
        52          8          0          0          0          0   __scatter.o
        28          0          0          0          0          0   __scatter_zi.o
         6          0          0          0          0          0   _printf_a.o
         6          0          0          0          0          0   _printf_c.o
        44          0          0          0          0        108   _printf_char.o
        48          6          0          0          0         96   _printf_char_common.o
        40          0          0          0          0         68   _printf_charcount.o
         6          0          0          0          0          0   _printf_d.o
       120         16          0          0          0         92   _printf_dec.o
         6          0          0          0          0          0   _printf_e.o
         6          0          0          0          0          0   _printf_f.o
      1054          0          0          0          0        216   _printf_fp_dec.o
       764          8         38          0          0        100   _printf_fp_hex.o
       128         16          0          0          0         84   _printf_fp_infnan.o
         6          0          0          0          0          0   _printf_g.o
       148          4         40          0          0        160   _printf_hex_int_ll_ptr.o
         6          0          0          0          0          0   _printf_i.o
       178          0          0          0          0         88   _printf_intcommon.o
        10          0          0          0          0          0   _printf_l.o
         6          0          0          0          0          0   _printf_lc.o
        10          0          0          0          0          0   _printf_ll.o
         6          0          0          0          0          0   _printf_lld.o
         6          0          0          0          0          0   _printf_lli.o
         6          0          0          0          0          0   _printf_llo.o
         6          0          0          0          0          0   _printf_llu.o
         6          0          0          0          0          0   _printf_llx.o
       124         16          0          0          0         92   _printf_longlong_dec.o
         6          0          0          0          0          0   _printf_ls.o
         6          0          0          0          0          0   _printf_n.o
         6          0          0          0          0          0   _printf_o.o
       112         10          0          0          0        124   _printf_oct_int_ll.o
         6          0          0          0          0          0   _printf_p.o
        78          0          0          0          0        108   _printf_pad.o
         0          0          0          0          0          0   _printf_percent.o
         4          0          0          0          0          0   _printf_percent_end.o
         6          0          0          0          0          0   _printf_s.o
        82          0          0          0          0         80   _printf_str.o
        36          0          0          0          0         84   _printf_truncate.o
         6          0          0          0          0          0   _printf_u.o
        44          0          0          0          0        108   _printf_wchar.o
       188          6          8          0          0         92   _printf_wctomb.o
         6          0          0          0          0          0   _printf_x.o
        22          0          0          0          0        100   _rserrno.o
        16          0          0          0          0         68   _snputc.o
        10          0          0          0          0         68   _sputc.o
        64          0          0          0          0         92   _wcrtomb.o
       228          4        148          0          0         96   bigflt0.o
      1936        128          0          0          0        672   btod.o
        18          0          0          0          0         80   exit.o
         6          0          0          0          0        152   heapauxi.o
         0          0          0          0          0          0   indicate_semi.o
        44         10        272          0          0         76   lc_ctype_c.o
        44         10         28          0          0         76   lc_numeric_c.o
         2          0          0          0          0          0   libinit.o
        34          0          0          0          0          0   libinit2.o
         2          0          0          0          0          0   libshutdown.o
         2          0          0          0          0          0   libshutdown2.o
         8          4          0          0         96         68   libspace.o
       138          0          0          0          0         80   lludiv10.o
       238          0          0          0          0        100   lludivv7m.o
        88          0          0          0          0         76   memcmp.o
        16          4          0          0          0         76   rt_ctype_table.o
         8          4          0          0          0         68   rt_errno_addr_intlibspace.o
         8          4          0          0          0         68   rt_locale_intlibspace.o
        68          0          0          0          0         68   rt_memclr.o
        78          0          0          0          0         80   rt_memclr_w.o
       138          0          0          0          0         68   rt_memcpy_v6.o
       100          0          0          0          0         80   rt_memcpy_w.o
         2          0          0          0          0          0   rtexit.o
        10          0          0          0          0          0   rtexit2.o
       128          0          0          0          0         68   strcmpv7m.o
        62          0          0          0          0         76   strlen.o
        12          4          0          0          0         68   sys_exit.o
        74          0          0          0          0         80   sys_stackheap_outer.o
         2          0          0          0          0         68   use_no_semi.o
        52          4          0          0          0         80   vsnprintf.o
        98          4          0          0          0        140   d2f.o
       826         16          0          0          0        492   daddsub_clz.o
        38          0          0          0          0        116   dflt_clz.o
       340         12          0          0          0        152   dmul.o
       156          4          0          0          0        140   dnaninf.o
        12          0          0          0          0        116   dretinf.o
       408         56          0          0          0        168   dsqrt_umaal.o
        86          4          0          0          0        132   f2d.o
       140          4          0          0          0        132   fnaninf.o
        10          0          0          0          0        116   fpinit.o
        10          0          0          0          0        116   fretinf.o
         4          0          0          0          0        116   printf1.o
         4          0          0          0          0        116   printf2.o
         0          0          0          0          0          0   usenofp.o
       300         42          0          0          0        176   asinf.o
       684         90          0          0          0        208   atan2f.o
        48          0          0          0          0        124   fpclassify.o
        38          0          0          0          0        116   fpclassifyf.o
        44         12          0          0          0        464   funder.o
       122          0          0          0          0        148   sqrt.o
        62          0          0          0          0        136   sqrtf.o

    ----------------------------------------------------------------------
     11048        514        552          0         96       8104   Library Totals
        26          0          1          0          0          0   (incl. Padding)

    ----------------------------------------------------------------------

      Code (inc. data)   RO Data    RW Data    ZI Data      Debug   Library Name

      7592        270        551          0         96       4680   c_w.l
      2132        100          0          0          0       2052   fz_wm.l
      1298        144          0          0          0       1372   m_wm.l

    ----------------------------------------------------------------------
     11048        514        552          0         96       8104   Library Totals

    ----------------------------------------------------------------------

==============================================================================


      Code (inc. data)   RO Data    RW Data    ZI Data      Debug   

     36138       2986       1022        420      12484     939879   Grand Totals
     36138       2986       1022        140      12484     939879   ELF Image Totals (compressed)
     36138       2986       1022        140          0          0   ROM Totals

==============================================================================

    Total RO  Size (Code + RO Data)                37160 (  36.29kB)
    Total RW  Size (RW Data + ZI Data)             12904 (  12.60kB)
    Total ROM Size (Code + RO Data + RW Data)      37300 (  36.43kB)

==============================================================================

